// Jest Snapshot v1, https://goo.gl/fbAQLP

exports[`Renders correctly 1`] = `
"<dl class=\\"nhsuk-summary-list\\">
  <div class=\\"nhsuk-summary-list__row\\">
    <dt class=\\"nhsuk-summary-list__key\\">ID</dt>
    <dd class=\\"nhsuk-summary-list__value\\">A0548B-A99968-451485</dd>
  </div>
  <div class=\\"nhsuk-summary-list__row\\">
    <dt class=\\"nhsuk-summary-list__key\\">Repeat Information</dt>
    <dd class=\\"nhsuk-summary-list__value\\">1/6</dd>
  </div>
  <div class=\\"nhsuk-summary-list__row\\">
    <dt class=\\"nhsuk-summary-list__key\\">Authored on</dt>
    <dd class=\\"nhsuk-summary-list__value\\">01-11-2021</dd>
  </div>
  <div class=\\"nhsuk-summary-list__row\\">
    <dt class=\\"nhsuk-summary-list__key\\">Effective date</dt>
    <dd class=\\"nhsuk-summary-list__value\\">02-11-2021</dd>
  </div>
  <div class=\\"nhsuk-summary-list__row\\">
    <dt class=\\"nhsuk-summary-list__key\\">Nominated Pharmacy ODS Code</dt>
    <dd class=\\"nhsuk-summary-list__value\\">VNCEL</dd>
  </div>
  <div class=\\"nhsuk-summary-list__row\\">
    <dt class=\\"nhsuk-summary-list__key\\">Nominated Pharmacy Type</dt>
    <dd class=\\"nhsuk-summary-list__value\\">Other (e.g. Community Pharmacy)</dd>
  </div>
  <div class=\\"nhsuk-summary-list__row\\">
    <dt class=\\"nhsuk-summary-list__key\\">Patient Instructions</dt>
    <dd class=\\"nhsuk-summary-list__value\\">Take the medicine.</dd>
  </div>
</dl>"
`;
