// Jest Snapshot v1, https://goo.gl/fbAQLP

exports[`Renders correctly 1`] = `
"<h1 class=\\"nhsuk-label-wrapper\\"><label class=\\"nhsuk-label nhsuk-label--xl\\">Prescription Summary</label></h1><label class=\\"nhsuk-label nhsuk-label--m\\">Patient</label>
<dl class=\\"nhsuk-summary-list\\">
  <div class=\\"nhsuk-summary-list__row\\">
    <dt class=\\"nhsuk-summary-list__key\\">Name</dt>
    <dd class=\\"nhsuk-summary-list__value\\">CORY, ETTA (MISS)</dd>
  </div>
  <div class=\\"nhsuk-summary-list__row\\">
    <dt class=\\"nhsuk-summary-list__key\\">NHS Number</dt>
    <dd class=\\"nhsuk-summary-list__value\\">9990548609</dd>
  </div>
  <div class=\\"nhsuk-summary-list__row\\">
    <dt class=\\"nhsuk-summary-list__key\\">Date of Birth</dt>
    <dd class=\\"nhsuk-summary-list__value\\">01-Jan-1999</dd>
  </div>
  <div class=\\"nhsuk-summary-list__row\\">
    <dt class=\\"nhsuk-summary-list__key\\">Gender</dt>
    <dd class=\\"nhsuk-summary-list__value\\">Female</dd>
  </div>
  <div class=\\"nhsuk-summary-list__row\\">
    <dt class=\\"nhsuk-summary-list__key\\">Address</dt>
    <dd class=\\"nhsuk-summary-list__value\\">1 Trevelyan Square<br>Boar Lane<br>Leeds<br>West Yorkshire<br>LS1 6AE</dd>
  </div>
</dl><label class=\\"nhsuk-label nhsuk-label--m\\">Prescriber</label>
<dl class=\\"nhsuk-summary-list\\">
  <div class=\\"nhsuk-summary-list__row\\">
    <dt class=\\"nhsuk-summary-list__key\\">Name</dt>
    <dd class=\\"nhsuk-summary-list__value\\">EDWARDS, Thomas (DR)</dd>
  </div>
  <div class=\\"nhsuk-summary-list__row\\">
    <dt class=\\"nhsuk-summary-list__key\\">Telecom</dt>
    <dd class=\\"nhsuk-summary-list__value\\">01234567890</dd>
  </div>
  <div class=\\"nhsuk-summary-list__row\\">
    <dt class=\\"nhsuk-summary-list__key\\">Organization</dt>
    <dd class=\\"nhsuk-summary-list__value\\">SOMERSET BOWEL CANCER SCREENING CENTRE (A99968)</dd>
  </div>
  <div class=\\"nhsuk-summary-list__row\\">
    <dt class=\\"nhsuk-summary-list__key\\">Address</dt>
    <dd class=\\"nhsuk-summary-list__value\\">MUSGROVE PARK HOSPITAL<br>TAUNTON<br>TA1 5DA</dd>
  </div>
  <div class=\\"nhsuk-summary-list__row\\">
    <dt class=\\"nhsuk-summary-list__key\\">Trust / CCG</dt>
    <dd class=\\"nhsuk-summary-list__value\\">TAUNTON AND SOMERSET NHS FOUNDATION TRUST (RBA)</dd>
  </div>
</dl>"
`;
