// Jest Snapshot v1, https://goo.gl/fbAQLP

exports[`Displays confirmation page if multiple prescriptions are sent successfully 1`] = `
"<h1 class=\\"nhsuk-label-wrapper\\"><label class=\\"nhsuk-label nhsuk-label--xl\\">Send Results</label></h1>
<div class=\\"sc-hKwDye gqtOcv\\"><button class=\\"nhsuk-button\\" aria-disabled=\\"false\\" type=\\"submit\\">Copy Prescription IDs</button></div>
<div class=\\"nhsuk-table-responsive\\">
  <table class=\\"nhsuk-table\\">
    <thead class=\\"nhsuk-table__head\\">
      <tr class=\\"nhsuk-table__row\\">
        <th class=\\"nhsuk-table__header\\" scope=\\"col\\">Bundle ID</th>
        <th class=\\"nhsuk-table__header\\" scope=\\"col\\">Prescription ID</th>
        <th class=\\"nhsuk-table__header\\" scope=\\"col\\">Success</th>
      </tr>
    </thead>
    <tbody class=\\"nhsuk-table__body\\">
      <tr class=\\"nhsuk-table__row\\">
        <td class=\\"nhsuk-table__cell\\"></td>
        <td class=\\"nhsuk-table__cell\\">003D4D-A99968-4C5AAJ</td>
        <td class=\\"nhsuk-table__cell\\"><svg class=\\"nhsuk-icon nhsuk-icon__tick\\" xmlns=\\"http://www.w3.org/2000/svg\\" viewBox=\\"0 0 24 24\\" aria-hidden=\\"true\\" height=\\"32\\" width=\\"32\\">
            <path stroke-width=\\"4\\" stroke-linecap=\\"round\\" stroke=\\"#007f3b\\" fill=\\"none\\" d=\\"M18.4 7.8l-8.5 8.4L5.6 12\\"></path>
          </svg></td>
      </tr>
      <tr class=\\"nhsuk-table__row\\">
        <td class=\\"nhsuk-table__cell\\"></td>
        <td class=\\"nhsuk-table__cell\\">008070-A99968-41CD9V</td>
        <td class=\\"nhsuk-table__cell\\"><svg class=\\"nhsuk-icon nhsuk-icon__tick\\" xmlns=\\"http://www.w3.org/2000/svg\\" viewBox=\\"0 0 24 24\\" aria-hidden=\\"true\\" height=\\"32\\" width=\\"32\\">
            <path stroke-width=\\"4\\" stroke-linecap=\\"round\\" stroke=\\"#007f3b\\" fill=\\"none\\" d=\\"M18.4 7.8l-8.5 8.4L5.6 12\\"></path>
          </svg></td>
      </tr>
      <tr class=\\"nhsuk-table__row\\">
        <td class=\\"nhsuk-table__cell\\"></td>
        <td class=\\"nhsuk-table__cell\\">010E34-A99968-467D9Z</td>
        <td class=\\"nhsuk-table__cell\\"><svg class=\\"nhsuk-icon nhsuk-icon__cross\\" xmlns=\\"http://www.w3.org/2000/svg\\" viewBox=\\"0 0 24 24\\" aria-hidden=\\"true\\" height=\\"32\\" width=\\"32\\">
            <path d=\\"M17 18.5c-.4 0-.8-.1-1.1-.4l-10-10c-.6-.6-.6-1.6 0-2.1.6-.6 1.5-.6 2.1 0l10 10c.6.6.6 1.5 0 2.1-.3.3-.6.4-1 .4z\\"></path>
            <path d=\\"M7 18.5c-.4 0-.8-.1-1.1-.4-.6-.6-.6-1.5 0-2.1l10-10c.6-.6 1.5-.6 2.1 0 .6.6.6 1.5 0 2.1l-10 10c-.3.3-.6.4-1 .4z\\"></path>
          </svg></td>
      </tr>
    </tbody>
  </table>
</div>"
`;
