// Jest Snapshot v1, https://goo.gl/fbAQLP

exports[`Displays verify form when no prescription id is provided 1`] = `
"<h1 class=\\"nhsuk-label-wrapper\\"><label class=\\"nhsuk-label nhsuk-label--xl\\">Verify prescription(s)</label></h1>
<form>
  <div class=\\"nhsuk-form-group\\">
    <fieldset class=\\"nhsuk-fieldset\\">
      <div class=\\"nhsuk-form-group\\"><textarea class=\\"nhsuk-textarea\\" name=\\"verifyRequest\\" id=\\"verifyRequest\\" rows=\\"20\\"></textarea></div>
    </fieldset>
  </div>
  <div class=\\"sc-hKwDye gqtOcv\\"><button class=\\"nhsuk-button\\" aria-disabled=\\"false\\" type=\\"submit\\">Verify</button><button class=\\"nhsuk-button nhsuk-button--secondary\\" aria-disabled=\\"false\\" type=\\"button\\">Back</button></div>
</form>"
`;

exports[`Displays verify result when prescription id is provided 1`] = `
"<h1 class=\\"nhsuk-label-wrapper\\"><label class=\\"nhsuk-label nhsuk-label--xl\\">Verify Result <svg class=\\"nhsuk-icon nhsuk-icon__tick\\" xmlns=\\"http://www.w3.org/2000/svg\\" viewBox=\\"0 0 24 24\\" aria-hidden=\\"true\\" height=\\"32\\" width=\\"32\\">
      <path stroke-width=\\"4\\" stroke-linecap=\\"round\\" stroke=\\"#007f3b\\" fill=\\"none\\" d=\\"M18.4 7.8l-8.5 8.4L5.6 12\\"></path>
    </svg></label></h1>
<div class=\\"nhsuk-table-responsive\\">
  <table class=\\"nhsuk-table\\">
    <thead class=\\"nhsuk-table__head\\">
      <tr class=\\"nhsuk-table__row\\">
        <th class=\\"nhsuk-table__header\\" scope=\\"col\\">Signature Name</th>
        <th class=\\"nhsuk-table__header\\" scope=\\"col\\">Success</th>
      </tr>
    </thead>
    <tbody class=\\"nhsuk-table__body\\">
      <tr class=\\"nhsuk-table__row\\">
        <td class=\\"nhsuk-table__cell\\">0</td>
        <td class=\\"nhsuk-table__cell\\"><svg class=\\"nhsuk-icon nhsuk-icon__tick\\" xmlns=\\"http://www.w3.org/2000/svg\\" viewBox=\\"0 0 24 24\\" aria-hidden=\\"true\\" height=\\"32\\" width=\\"32\\">
            <path stroke-width=\\"4\\" stroke-linecap=\\"round\\" stroke=\\"#007f3b\\" fill=\\"none\\" d=\\"M18.4 7.8l-8.5 8.4L5.6 12\\"></path>
          </svg></td>
      </tr>
    </tbody>
  </table>
</div>
<div class=\\"nhsuk-expander-group\\">
  <details class=\\"nhsuk-details nhsuk-expander\\">
    <summary class=\\"nhsuk-details__summary\\"><span class=\\"nhsuk-details__summary-text\\">Request (FHIR)</span></summary>
    <div class=\\"nhsuk-details__text\\">
      <div class=\\"sc-hKwDye gqtOcv\\"><button class=\\"nhsuk-button sc-jRQBWg fkXsvN\\" aria-disabled=\\"false\\" type=\\"submit\\">Copy</button><a class=\\"nhsuk-button sc-jRQBWg fkXsvN\\" role=\\"button\\" aria-disabled=\\"false\\" draggable=\\"false\\" href=\\"data:application/json;charset=utf-8,%22JSON%20Request%22\\" download=\\"message\\">Download</a></div>
      <div class=\\"react-json-view\\" style=\\"font-family: monospace; cursor: default; background-color: rgb(255, 255, 255); position: relative; margin-top: 10px;\\">
        <div class=\\"pretty-json-container object-container\\">
          <div class=\\"object-content\\">
            <div class=\\"object-key-val\\"><span><span style=\\"display: inline-block; cursor: pointer;\\"><div class=\\"icon-container\\" style=\\"display: inline-block; width: 17px;\\"><span class=\\"expanded-icon\\"><svg style=\\"vertical-align: top; color: rgb(0, 0, 0); height: 1em; width: 1em; padding-left: 2px;\\" viewBox=\\"0 0 15 15\\" fill=\\"currentColor\\"><path d=\\"M0 5l6 6 6-6z\\"></path></svg></span></div><span style=\\"display: inline-block; color: rgb(0, 94, 184); letter-spacing: 0.5px; font-style: none; vertical-align: top; opacity: 0.85;\\"><span class=\\"object-key\\"><span style=\\"vertical-align: top;\\">\\"</span><span>ERROR</span><span style=\\"vertical-align: top;\\">\\"</span></span><span style=\\"display: inline-block; margin: 0px 5px; color: rgb(0, 94, 184); vertical-align: top;\\">:</span></span><span style=\\"display: inline-block; cursor: pointer; font-weight: bold; color: rgb(0, 94, 184);\\">{</span></span>
            <div style=\\"display: inline-block; padding: 0px 0px 0px 10px;\\" class=\\"object-meta-data\\"><span class=\\"copy-to-clipboard-container\\" title=\\"Copy to clipboard\\" style=\\"vertical-align: top; display: none;\\"><span style=\\"cursor: pointer; display: inline;\\"><span class=\\"copy-icon\\"><svg style=\\"vertical-align: top; color: rgb(0, 0, 0); font-size: 15px; margin-right: 3px; height: 1em; width: 1em;\\" viewBox=\\"0 0 40 40\\" fill=\\"currentColor\\" preserveAspectRatio=\\"xMidYMid meet\\"><g><path d=\\"m30 35h-25v-22.5h25v7.5h2.5v-12.5c0-1.4-1.1-2.5-2.5-2.5h-7.5c0-2.8-2.2-5-5-5s-5 2.2-5 5h-7.5c-1.4 0-2.5 1.1-2.5 2.5v27.5c0 1.4 1.1 2.5 2.5 2.5h25c1.4 0 2.5-1.1 2.5-2.5v-5h-2.5v5z m-20-27.5h2.5s2.5-1.1 2.5-2.5 1.1-2.5 2.5-2.5 2.5 1.1 2.5 2.5 1.3 2.5 2.5 2.5h2.5s2.5 1.1 2.5 2.5h-20c0-1.5 1.1-2.5 2.5-2.5z m-2.5 20h5v-2.5h-5v2.5z m17.5-5v-5l-10 7.5 10 7.5v-5h12.5v-5h-12.5z m-17.5 10h7.5v-2.5h-7.5v2.5z m12.5-17.5h-12.5v2.5h12.5v-2.5z m-7.5 5h-5v2.5h5v-2.5z\\"></path></g></svg></span></span></span></div></span>
            <div class=\\"pushed-content object-container\\">
              <div class=\\"object-content\\" style=\\"margin-left: 6px;\\">
                <div style=\\"border-left: 1px solid #000000; padding: 3px 5px 3px 20px;\\" class=\\"variable-row\\"><span><span style=\\"display: inline-block; color: rgb(0, 94, 184); letter-spacing: 0.5px; font-style: none; vertical-align: top; opacity: 0.85;\\" class=\\"object-key\\"><span style=\\"vertical-align: top;\\">\\"</span><span style=\\"display: inline-block;\\">message</span><span style=\\"vertical-align: top;\\">\\"</span></span><span style=\\"display: inline-block; margin: 0px 5px; color: rgb(0, 94, 184); vertical-align: top;\\">:</span></span>
                  <div class=\\"variable-value\\" style=\\"display: inline-block; padding-right: 6px; position: relative; cursor: default;\\">
                    <div style=\\"display: inline-block; color: rgb(0, 0, 0);\\"><span class=\\"string-value\\" style=\\"cursor: default;\\">\\"src property must be a valid json object\\"</span></div>
                  </div><span class=\\"copy-to-clipboard-container\\" title=\\"Copy to clipboard\\" style=\\"vertical-align: top; display: none;\\"><span style=\\"cursor: pointer; display: inline;\\"><span class=\\"copy-icon\\"><svg style=\\"vertical-align: top; color: rgb(0, 0, 0); font-size: 15px; margin-right: 3px; height: 1em; width: 1em;\\" viewBox=\\"0 0 40 40\\" fill=\\"currentColor\\" preserveAspectRatio=\\"xMidYMid meet\\"><g><path d=\\"m30 35h-25v-22.5h25v7.5h2.5v-12.5c0-1.4-1.1-2.5-2.5-2.5h-7.5c0-2.8-2.2-5-5-5s-5 2.2-5 5h-7.5c-1.4 0-2.5 1.1-2.5 2.5v27.5c0 1.4 1.1 2.5 2.5 2.5h25c1.4 0 2.5-1.1 2.5-2.5v-5h-2.5v5z m-20-27.5h2.5s2.5-1.1 2.5-2.5 1.1-2.5 2.5-2.5 2.5 1.1 2.5 2.5 1.3 2.5 2.5 2.5h2.5s2.5 1.1 2.5 2.5h-20c0-1.5 1.1-2.5 2.5-2.5z m-2.5 20h5v-2.5h-5v2.5z m17.5-5v-5l-10 7.5 10 7.5v-5h12.5v-5h-12.5z m-17.5 10h7.5v-2.5h-7.5v2.5z m12.5-17.5h-12.5v2.5h12.5v-2.5z m-7.5 5h-5v2.5h5v-2.5z\\"></path></g></svg></span></span></span>
                </div>
              </div>
            </div><span class=\\"brace-row\\"><span style=\\"display: inline-block; cursor: pointer; font-weight: bold; color: rgb(0, 94, 184); padding-left: 3px;\\">}</span></span>
          </div>
        </div>
      </div>
    </div>
</div>
</details>
<details class=\\"nhsuk-details nhsuk-expander\\">
  <summary class=\\"nhsuk-details__summary\\"><span class=\\"nhsuk-details__summary-text\\">Response (FHIR)</span></summary>
  <div class=\\"nhsuk-details__text\\">
    <div class=\\"sc-hKwDye gqtOcv\\"><button class=\\"nhsuk-button sc-jRQBWg fkXsvN\\" aria-disabled=\\"false\\" type=\\"submit\\">Copy</button><a class=\\"nhsuk-button sc-jRQBWg fkXsvN\\" role=\\"button\\" aria-disabled=\\"false\\" draggable=\\"false\\" href=\\"data:application/json;charset=utf-8,%22JSON%20Response%22\\" download=\\"message\\">Download</a></div>
    <div class=\\"react-json-view\\" style=\\"font-family: monospace; cursor: default; background-color: rgb(255, 255, 255); position: relative; margin-top: 10px;\\">
      <div class=\\"pretty-json-container object-container\\">
        <div class=\\"object-content\\">
          <div class=\\"object-key-val\\"><span><span style=\\"display: inline-block; cursor: pointer;\\"><div class=\\"icon-container\\" style=\\"display: inline-block; width: 17px;\\"><span class=\\"expanded-icon\\"><svg style=\\"vertical-align: top; color: rgb(0, 0, 0); height: 1em; width: 1em; padding-left: 2px;\\" viewBox=\\"0 0 15 15\\" fill=\\"currentColor\\"><path d=\\"M0 5l6 6 6-6z\\"></path></svg></span></div><span style=\\"display: inline-block; color: rgb(0, 94, 184); letter-spacing: 0.5px; font-style: none; vertical-align: top; opacity: 0.85;\\"><span class=\\"object-key\\"><span style=\\"vertical-align: top;\\">\\"</span><span>ERROR</span><span style=\\"vertical-align: top;\\">\\"</span></span><span style=\\"display: inline-block; margin: 0px 5px; color: rgb(0, 94, 184); vertical-align: top;\\">:</span></span><span style=\\"display: inline-block; cursor: pointer; font-weight: bold; color: rgb(0, 94, 184);\\">{</span></span>
          <div style=\\"display: inline-block; padding: 0px 0px 0px 10px;\\" class=\\"object-meta-data\\"><span class=\\"copy-to-clipboard-container\\" title=\\"Copy to clipboard\\" style=\\"vertical-align: top; display: none;\\"><span style=\\"cursor: pointer; display: inline;\\"><span class=\\"copy-icon\\"><svg style=\\"vertical-align: top; color: rgb(0, 0, 0); font-size: 15px; margin-right: 3px; height: 1em; width: 1em;\\" viewBox=\\"0 0 40 40\\" fill=\\"currentColor\\" preserveAspectRatio=\\"xMidYMid meet\\"><g><path d=\\"m30 35h-25v-22.5h25v7.5h2.5v-12.5c0-1.4-1.1-2.5-2.5-2.5h-7.5c0-2.8-2.2-5-5-5s-5 2.2-5 5h-7.5c-1.4 0-2.5 1.1-2.5 2.5v27.5c0 1.4 1.1 2.5 2.5 2.5h25c1.4 0 2.5-1.1 2.5-2.5v-5h-2.5v5z m-20-27.5h2.5s2.5-1.1 2.5-2.5 1.1-2.5 2.5-2.5 2.5 1.1 2.5 2.5 1.3 2.5 2.5 2.5h2.5s2.5 1.1 2.5 2.5h-20c0-1.5 1.1-2.5 2.5-2.5z m-2.5 20h5v-2.5h-5v2.5z m17.5-5v-5l-10 7.5 10 7.5v-5h12.5v-5h-12.5z m-17.5 10h7.5v-2.5h-7.5v2.5z m12.5-17.5h-12.5v2.5h12.5v-2.5z m-7.5 5h-5v2.5h5v-2.5z\\"></path></g></svg></span></span></span></div></span>
          <div class=\\"pushed-content object-container\\">
            <div class=\\"object-content\\" style=\\"margin-left: 6px;\\">
              <div style=\\"border-left: 1px solid #000000; padding: 3px 5px 3px 20px;\\" class=\\"variable-row\\"><span><span style=\\"display: inline-block; color: rgb(0, 94, 184); letter-spacing: 0.5px; font-style: none; vertical-align: top; opacity: 0.85;\\" class=\\"object-key\\"><span style=\\"vertical-align: top;\\">\\"</span><span style=\\"display: inline-block;\\">message</span><span style=\\"vertical-align: top;\\">\\"</span></span><span style=\\"display: inline-block; margin: 0px 5px; color: rgb(0, 94, 184); vertical-align: top;\\">:</span></span>
                <div class=\\"variable-value\\" style=\\"display: inline-block; padding-right: 6px; position: relative; cursor: default;\\">
                  <div style=\\"display: inline-block; color: rgb(0, 0, 0);\\"><span class=\\"string-value\\" style=\\"cursor: default;\\">\\"src property must be a valid json object\\"</span></div>
                </div><span class=\\"copy-to-clipboard-container\\" title=\\"Copy to clipboard\\" style=\\"vertical-align: top; display: none;\\"><span style=\\"cursor: pointer; display: inline;\\"><span class=\\"copy-icon\\"><svg style=\\"vertical-align: top; color: rgb(0, 0, 0); font-size: 15px; margin-right: 3px; height: 1em; width: 1em;\\" viewBox=\\"0 0 40 40\\" fill=\\"currentColor\\" preserveAspectRatio=\\"xMidYMid meet\\"><g><path d=\\"m30 35h-25v-22.5h25v7.5h2.5v-12.5c0-1.4-1.1-2.5-2.5-2.5h-7.5c0-2.8-2.2-5-5-5s-5 2.2-5 5h-7.5c-1.4 0-2.5 1.1-2.5 2.5v27.5c0 1.4 1.1 2.5 2.5 2.5h25c1.4 0 2.5-1.1 2.5-2.5v-5h-2.5v5z m-20-27.5h2.5s2.5-1.1 2.5-2.5 1.1-2.5 2.5-2.5 2.5 1.1 2.5 2.5 1.3 2.5 2.5 2.5h2.5s2.5 1.1 2.5 2.5h-20c0-1.5 1.1-2.5 2.5-2.5z m-2.5 20h5v-2.5h-5v2.5z m17.5-5v-5l-10 7.5 10 7.5v-5h12.5v-5h-12.5z m-17.5 10h7.5v-2.5h-7.5v2.5z m12.5-17.5h-12.5v2.5h12.5v-2.5z m-7.5 5h-5v2.5h5v-2.5z\\"></path></g></svg></span></span></span>
              </div>
            </div>
          </div><span class=\\"brace-row\\"><span style=\\"display: inline-block; cursor: pointer; font-weight: bold; color: rgb(0, 94, 184); padding-left: 3px;\\">}</span></span>
        </div>
      </div>
    </div>
  </div>
  </div>
</details>
</div>
<div class=\\"sc-hKwDye gqtOcv\\"><button class=\\"nhsuk-button nhsuk-button--secondary\\" aria-disabled=\\"false\\" type=\\"button\\">Back</button></div>"
`;
