// Jest Snapshot v1, https://goo.gl/fbAQLP

exports[`Displays an error if prescription-order not found 1`] = `
"<h1 class="nhsuk-label-wrapper"><label class="nhsuk-label nhsuk-label--xl">Error</label></h1>
<div class="nhsuk-error-summary">
  <h2 class="nhsuk-error-summary__title">Something went wrong while processing your request:</h2>
  <div class="nhsuk-error-summary__body">Unexpected response from server.</div>
</div>
<fieldset class="nhsuk-fieldset">
  <legend class="nhsuk-fieldset__legend nhsuk-fieldset__legend--m">Request Details</legend>
  <dl class="nhsuk-summary-list">
    <div class="nhsuk-summary-list__row">
      <dt class="nhsuk-summary-list__key">Method</dt>
      <dd class="nhsuk-summary-list__value">GET</dd>
    </div>
    <div class="nhsuk-summary-list__row">
      <dt class="nhsuk-summary-list__key">URL</dt>
      <dd class="nhsuk-summary-list__value">baseUrl/dispense/release/7A9089-A83008-56A03J</dd>
    </div>
  </dl>
  <details class="nhsuk-details nhsuk-expander">
    <summary class="nhsuk-details__summary"><span class="nhsuk-details__summary-text">Request Headers</span></summary>
    <div class="nhsuk-details__text">
      <div class="sc-dmyDGi gJRWxu"><button class="nhsuk-button sc-jTQDnj kwiqEC" aria-disabled="false" type="submit">Copy</button><a class="nhsuk-button sc-jTQDnj kwiqEC" role="button" aria-disabled="false" draggable="false" href="data:text/xml;charset=utf-8,%7B%0A%20%20%22Accept%22%3A%20%22application%2Fjson%2C%20text%2Fplain%2C%20*%2F*%22%0A%7D" download="message">Download</a></div><pre class="sc-eDLJxc hLWYAT">{
  "Accept": "application/json, text/plain, */*"
}</pre>
    </div>
  </details>
</fieldset>
<fieldset class="nhsuk-fieldset">
  <legend class="nhsuk-fieldset__legend nhsuk-fieldset__legend--m">Response Details</legend>
  <dl class="nhsuk-summary-list">
    <div class="nhsuk-summary-list__row">
      <dt class="nhsuk-summary-list__key">Status</dt>
      <dd class="nhsuk-summary-list__value">200 undefined</dd>
    </div>
  </dl>
</fieldset>
<div class="sc-dmyDGi gJRWxu"><button class="nhsuk-button nhsuk-button--secondary" aria-disabled="false" type="button">Back</button></div>"
`;

exports[`Displays an error on invalid response 1`] = `
"<h1 class="nhsuk-label-wrapper"><label class="nhsuk-label nhsuk-label--xl">Error</label></h1>
<div class="nhsuk-error-summary">
  <h2 class="nhsuk-error-summary__title">Something went wrong while processing your request:</h2>
  <div class="nhsuk-error-summary__body">Unexpected response from server.</div>
</div>
<fieldset class="nhsuk-fieldset">
  <legend class="nhsuk-fieldset__legend nhsuk-fieldset__legend--m">Request Details</legend>
  <dl class="nhsuk-summary-list">
    <div class="nhsuk-summary-list__row">
      <dt class="nhsuk-summary-list__key">Method</dt>
      <dd class="nhsuk-summary-list__value">GET</dd>
    </div>
    <div class="nhsuk-summary-list__row">
      <dt class="nhsuk-summary-list__key">URL</dt>
      <dd class="nhsuk-summary-list__value">baseUrl/dispense/release/7A9089-A83008-56A03J</dd>
    </div>
  </dl>
  <details class="nhsuk-details nhsuk-expander">
    <summary class="nhsuk-details__summary"><span class="nhsuk-details__summary-text">Request Headers</span></summary>
    <div class="nhsuk-details__text">
      <div class="sc-dmyDGi gJRWxu"><button class="nhsuk-button sc-jTQDnj kwiqEC" aria-disabled="false" type="submit">Copy</button><a class="nhsuk-button sc-jTQDnj kwiqEC" role="button" aria-disabled="false" draggable="false" href="data:text/xml;charset=utf-8,%7B%0A%20%20%22Accept%22%3A%20%22application%2Fjson%2C%20text%2Fplain%2C%20*%2F*%22%0A%7D" download="message">Download</a></div><pre class="sc-eDLJxc hLWYAT">{
  "Accept": "application/json, text/plain, */*"
}</pre>
    </div>
  </details>
</fieldset>
<fieldset class="nhsuk-fieldset">
  <legend class="nhsuk-fieldset__legend nhsuk-fieldset__legend--m">Response Details</legend>
  <dl class="nhsuk-summary-list">
    <div class="nhsuk-summary-list__row">
      <dt class="nhsuk-summary-list__key">Status</dt>
      <dd class="nhsuk-summary-list__value">500 Internal Server Error</dd>
    </div>
  </dl>
  <details class="nhsuk-details nhsuk-expander">
    <summary class="nhsuk-details__summary"><span class="nhsuk-details__summary-text">Response Body</span></summary>
    <div class="nhsuk-details__text">
      <div class="sc-dmyDGi gJRWxu"><button class="nhsuk-button sc-jTQDnj kwiqEC" aria-disabled="false" type="submit">Copy</button><a class="nhsuk-button sc-jTQDnj kwiqEC" role="button" aria-disabled="false" draggable="false" href="data:text/xml;charset=utf-8,%7B%7D" download="message">Download</a></div><pre class="sc-eDLJxc hLWYAT">{}</pre>
    </div>
  </details>
</fieldset>
<div class="sc-dmyDGi gJRWxu"><button class="nhsuk-button nhsuk-button--secondary" aria-disabled="false" type="button">Back</button></div>"
`;

exports[`Displays dispense form if prescription details are retrieved successfully (no previous dispense notification) 1`] = `
"<h1 class="nhsuk-label-wrapper"><label class="nhsuk-label nhsuk-label--xl">Dispense Prescription</label></h1>
<form>
  <div class="nhsuk-form-group">
    <fieldset class="nhsuk-fieldset">
      <div class="nhsuk-form-group"><label class="nhsuk-label nhsuk-label--s" id="dispenseType--label" for="dispenseType">Choose how you want to dispense this prescription</label>
        <div class="nhsuk-radios" id="dispenseType" aria-labelledby="dispenseType--label" value="form">
          <div class="nhsuk-radios__item"><input class="nhsuk-radios__input" id="dispenseType-1" name="dispenseType" aria-labelledby="dispenseType-1--label" type="radio" value="form" checked=""><label class="nhsuk-label nhsuk-radios__label" id="dispenseType-1--label" for="dispenseType-1">Use the dispense prescription form</label></div>
          <div class="nhsuk-radios__item"><input class="nhsuk-radios__input" id="dispenseType-2" name="dispenseType" aria-labelledby="dispenseType-2--label" type="radio" value="custom"><label class="nhsuk-label nhsuk-radios__label" id="dispenseType-2--label" for="dispenseType-2">With a FHIR dispense message</label></div>
        </div>
      </div>
      <div class="nhsuk-form-group">
        <fieldset class="nhsuk-fieldset">
          <legend class="nhsuk-fieldset__legend nhsuk-fieldset__legend--m">Methotrexate 10mg/0.2ml solution for injection pre-filled syringes</legend>
          <dl class="nhsuk-summary-list nhsuk-summary-list--no-border">
            <div class="nhsuk-summary-list__row">
              <dt class="nhsuk-summary-list__key">Quantity Requested</dt>
              <dd class="nhsuk-summary-list__value">63 tablet</dd>
            </div>
            <div class="nhsuk-summary-list__row">
              <dt class="nhsuk-summary-list__key">Prior Status</dt>
              <dd class="nhsuk-summary-list__value">Item to be dispensed</dd>
            </div>
          </dl>
          <div class="nhsuk-form-group"><label class="nhsuk-label" id="lineItems.0.statusCode--label" for="lineItems.0.statusCode">Status</label><select class="nhsuk-select" aria-labelledby="lineItems.0.statusCode--label" name="lineItems.0.statusCode" id="lineItems.0.statusCode">
              <option value="0001">Item fully dispensed</option>
              <option value="0002">Item not dispensed</option>
              <option value="0003">Item dispensed - partial</option>
              <option value="0004">Item not dispensed owing</option>
              <option value="0005">Item cancelled</option>
              <option value="0006">Expired</option>
              <option value="0007">Item to be dispensed</option>
              <option value="0008">Item with dispenser</option>
            </select></div>
        </fieldset>
      </div>
      <div class="nhsuk-form-group">
        <fieldset class="nhsuk-fieldset">
          <legend class="nhsuk-fieldset__legend nhsuk-fieldset__legend--m">Prescription Status</legend>
          <dl class="nhsuk-summary-list nhsuk-summary-list--no-border">
            <div class="nhsuk-summary-list__row">
              <dt class="nhsuk-summary-list__key">Prior Status</dt>
              <dd class="nhsuk-summary-list__value">To be Dispensed</dd>
            </div>
          </dl>
          <div class="nhsuk-form-group"><label class="nhsuk-label" id="prescription.statusCode--label" for="prescription.statusCode">Status</label><select class="nhsuk-select" aria-labelledby="prescription.statusCode--label" name="prescription.statusCode" id="prescription.statusCode">
              <option value="0001">To be Dispensed</option>
              <option value="0002">With Dispenser</option>
              <option value="0003">With Dispenser - Active</option>
              <option value="0004">Expired</option>
              <option value="0005">Cancelled</option>
              <option value="0006">Dispensed</option>
              <option value="0007">Not Dispensed</option>
            </select></div>
        </fieldset>
      </div>
    </fieldset>
  </div>
  <div class="sc-dmyDGi gJRWxu"><button class="nhsuk-button" aria-disabled="false" type="submit">Dispense</button><button class="nhsuk-button nhsuk-button--secondary" aria-disabled="false" type="button">Back</button></div>
</form>"
`;

exports[`Displays dispense form if prescription details are retrieved successfully (previous dispense notifications) 1`] = `
"<h1 class="nhsuk-label-wrapper"><label class="nhsuk-label nhsuk-label--xl">Dispense Prescription</label></h1>
<form>
  <div class="nhsuk-form-group">
    <fieldset class="nhsuk-fieldset">
      <div class="nhsuk-form-group"><label class="nhsuk-label nhsuk-label--s" id="dispenseType--label" for="dispenseType">Choose how you want to dispense this prescription</label>
        <div class="nhsuk-radios" id="dispenseType" aria-labelledby="dispenseType--label" value="form">
          <div class="nhsuk-radios__item"><input class="nhsuk-radios__input" id="dispenseType-1" name="dispenseType" aria-labelledby="dispenseType-1--label" type="radio" value="form" checked=""><label class="nhsuk-label nhsuk-radios__label" id="dispenseType-1--label" for="dispenseType-1">Use the dispense prescription form</label></div>
          <div class="nhsuk-radios__item"><input class="nhsuk-radios__input" id="dispenseType-2" name="dispenseType" aria-labelledby="dispenseType-2--label" type="radio" value="custom"><label class="nhsuk-label nhsuk-radios__label" id="dispenseType-2--label" for="dispenseType-2">With a FHIR dispense message</label></div>
        </div>
      </div>
      <div class="nhsuk-form-group">
        <fieldset class="nhsuk-fieldset">
          <legend class="nhsuk-fieldset__legend nhsuk-fieldset__legend--m">Methotrexate 10mg/0.2ml solution for injection pre-filled syringes</legend>
          <dl class="nhsuk-summary-list nhsuk-summary-list--no-border">
            <div class="nhsuk-summary-list__row">
              <dt class="nhsuk-summary-list__key">Quantity Requested</dt>
              <dd class="nhsuk-summary-list__value">63 tablet</dd>
            </div>
            <div class="nhsuk-summary-list__row">
              <dt class="nhsuk-summary-list__key">Quantity Currently Dispensed</dt>
              <dd class="nhsuk-summary-list__value">18 tablet</dd>
            </div>
            <div class="nhsuk-summary-list__row">
              <dt class="nhsuk-summary-list__key">Prior Status</dt>
              <dd class="nhsuk-summary-list__value">Item dispensed - partial</dd>
            </div>
          </dl>
          <div class="nhsuk-form-group"><label class="nhsuk-label" id="lineItems.0.statusCode--label" for="lineItems.0.statusCode">Status</label><select class="nhsuk-select" aria-labelledby="lineItems.0.statusCode--label" name="lineItems.0.statusCode" id="lineItems.0.statusCode">
              <option value="0001">Item fully dispensed</option>
              <option value="0002">Item not dispensed</option>
              <option value="0003">Item dispensed - partial</option>
              <option value="0004">Item not dispensed owing</option>
              <option value="0005">Item cancelled</option>
              <option value="0006">Expired</option>
              <option value="0007">Item to be dispensed</option>
              <option value="0008">Item with dispenser</option>
            </select></div>
          <div class="nhsuk-form-group"><label class="nhsuk-label" id="lineItems.0.suppliedQuantityValue--label" for="lineItems.0.suppliedQuantityValue">Quantity Dispensed</label><input class="nhsuk-input" aria-labelledby="lineItems.0.suppliedQuantityValue--label" name="lineItems.0.suppliedQuantityValue" id="lineItems.0.suppliedQuantityValue" type="text" value=""></div>
        </fieldset>
      </div>
      <div class="nhsuk-form-group">
        <fieldset class="nhsuk-fieldset">
          <legend class="nhsuk-fieldset__legend nhsuk-fieldset__legend--m">Prescription Status</legend>
          <dl class="nhsuk-summary-list nhsuk-summary-list--no-border">
            <div class="nhsuk-summary-list__row">
              <dt class="nhsuk-summary-list__key">Prior Status</dt>
              <dd class="nhsuk-summary-list__value">With Dispenser - Active</dd>
            </div>
          </dl>
          <div class="nhsuk-form-group"><label class="nhsuk-label" id="prescription.statusCode--label" for="prescription.statusCode">Status</label><select class="nhsuk-select" aria-labelledby="prescription.statusCode--label" name="prescription.statusCode" id="prescription.statusCode">
              <option value="0001">To be Dispensed</option>
              <option value="0002">With Dispenser</option>
              <option value="0003">With Dispenser - Active</option>
              <option value="0004">Expired</option>
              <option value="0005">Cancelled</option>
              <option value="0006">Dispensed</option>
              <option value="0007">Not Dispensed</option>
            </select></div>
        </fieldset>
      </div>
    </fieldset>
  </div>
  <div class="sc-dmyDGi gJRWxu"><button class="nhsuk-button" aria-disabled="false" type="submit">Dispense</button><button class="nhsuk-button nhsuk-button--secondary" aria-disabled="false" type="button">Back</button></div>
</form>"
`;

exports[`Displays dispense result 1`] = `
"<h1 class="nhsuk-label-wrapper"><label class="nhsuk-label nhsuk-label--xl">Dispense Result <svg class="nhsuk-icon nhsuk-icon__tick" xmlns="http://www.w3.org/2000/svg" viewBox="0 0 24 24" aria-hidden="true" height="32" width="32">
      <path stroke-width="4" stroke-linecap="round" stroke="#007f3b" fill="none" d="M18.4 7.8l-8.5 8.4L5.6 12"></path>
    </svg></label></h1>
<div class="nhsuk-action-link"><a class="nhsuk-action-link__link" href="baseUrl/prescribe/cancel?prescription_id=7A9089-A83008-56A03J"><svg class="nhsuk-icon nhsuk-icon__arrow-right-circle" xmlns="http://www.w3.org/2000/svg" viewBox="0 0 24 24" aria-hidden="true" height="32" width="32">
      <path d="M0 0h24v24H0z" fill="none"></path>
      <path d="M12 2a10 10 0 0 0-9.95 9h11.64L9.74 7.05a1 1 0 0 1 1.41-1.41l5.66 5.65a1 1 0 0 1 0 1.42l-5.66 5.65a1 1 0 0 1-1.41 0 1 1 0 0 1 0-1.41L13.69 13H2.05A10 10 0 1 0 12 2z"></path>
    </svg><span class="nhsuk-action-link__text">Cancel prescription</span></a></div>
<div class="nhsuk-action-link"><a class="nhsuk-action-link__link" href="baseUrl/dispense/dispense?prescription_id=7A9089-A83008-56A03J"><svg class="nhsuk-icon nhsuk-icon__arrow-right-circle" xmlns="http://www.w3.org/2000/svg" viewBox="0 0 24 24" aria-hidden="true" height="32" width="32">
      <path d="M0 0h24v24H0z" fill="none"></path>
      <path d="M12 2a10 10 0 0 0-9.95 9h11.64L9.74 7.05a1 1 0 0 1 1.41-1.41l5.66 5.65a1 1 0 0 1 0 1.42l-5.66 5.65a1 1 0 0 1-1.41 0 1 1 0 0 1 0-1.41L13.69 13H2.05A10 10 0 1 0 12 2z"></path>
    </svg><span class="nhsuk-action-link__text">Dispense prescription</span></a></div>
<div class="nhsuk-action-link"><a class="nhsuk-action-link__link" href="baseUrl/dispense/withdraw?prescription_id=7A9089-A83008-56A03J"><svg class="nhsuk-icon nhsuk-icon__arrow-right-circle" xmlns="http://www.w3.org/2000/svg" viewBox="0 0 24 24" aria-hidden="true" height="32" width="32">
      <path d="M0 0h24v24H0z" fill="none"></path>
      <path d="M12 2a10 10 0 0 0-9.95 9h11.64L9.74 7.05a1 1 0 0 1 1.41-1.41l5.66 5.65a1 1 0 0 1 0 1.42l-5.66 5.65a1 1 0 0 1-1.41 0 1 1 0 0 1 0-1.41L13.69 13H2.05A10 10 0 1 0 12 2z"></path>
    </svg><span class="nhsuk-action-link__text">Withdraw prescription</span></a></div>
<div class="nhsuk-action-link"><a class="nhsuk-action-link__link" href="baseUrl/dispense/claim?prescription_id=7A9089-A83008-56A03J"><svg class="nhsuk-icon nhsuk-icon__arrow-right-circle" xmlns="http://www.w3.org/2000/svg" viewBox="0 0 24 24" aria-hidden="true" height="32" width="32">
      <path d="M0 0h24v24H0z" fill="none"></path>
      <path d="M12 2a10 10 0 0 0-9.95 9h11.64L9.74 7.05a1 1 0 0 1 1.41-1.41l5.66 5.65a1 1 0 0 1 0 1.42l-5.66 5.65a1 1 0 0 1-1.41 0 1 1 0 0 1 0-1.41L13.69 13H2.05A10 10 0 1 0 12 2z"></path>
    </svg><span class="nhsuk-action-link__text">Claim for prescription</span></a></div>
<div class="nhsuk-action-link"><a class="nhsuk-action-link__link" href="baseUrl/view?prescription_id=7A9089-A83008-56A03J"><svg class="nhsuk-icon nhsuk-icon__arrow-right-circle" xmlns="http://www.w3.org/2000/svg" viewBox="0 0 24 24" aria-hidden="true" height="32" width="32">
      <path d="M0 0h24v24H0z" fill="none"></path>
      <path d="M12 2a10 10 0 0 0-9.95 9h11.64L9.74 7.05a1 1 0 0 1 1.41-1.41l5.66 5.65a1 1 0 0 1 0 1.42l-5.66 5.65a1 1 0 0 1-1.41 0 1 1 0 0 1 0-1.41L13.69 13H2.05A10 10 0 1 0 12 2z"></path>
    </svg><span class="nhsuk-action-link__text">Check prescription status</span></a></div>
<div class="nhsuk-expander-group">
  <details class="nhsuk-details nhsuk-expander">
    <summary class="nhsuk-details__summary"><span class="nhsuk-details__summary-text">1 - FHIR Request that a supplier would send to the FHIR API</span></summary>
    <div class="nhsuk-details__text">
      <div class="sc-dmyDGi gJRWxu"><button class="nhsuk-button sc-jTQDnj kwiqEC" aria-disabled="false" type="submit">Copy</button><a class="nhsuk-button sc-jTQDnj kwiqEC" role="button" aria-disabled="false" draggable="false" href="data:application/json;charset=utf-8,%7B%0A%20%20%22req%22%3A%20%22JSON%20Request%22%0A%7D" download="message">Download</a></div>
      <div class="react-json-view" style="font-family: monospace; cursor: default; background-color: rgb(255, 255, 255); position: relative; margin-top: 10px;">
        <div class="pretty-json-container object-container">
          <div class="object-content">
            <div class="object-key-val"><span><span style="display: inline-block; cursor: pointer;"><div class="icon-container" style="display: inline-block; width: 17px;"><span class="expanded-icon"><svg style="vertical-align: top; color: rgb(0, 0, 0); height: 1em; width: 1em; padding-left: 2px;" viewBox="0 0 15 15" fill="currentColor"><path d="M0 5l6 6 6-6z"></path></svg></span></div><span></span><span style="display: inline-block; cursor: pointer; font-weight: bold; color: rgb(0, 94, 184);">{</span></span>
            <div style="display: inline-block; padding: 0px 0px 0px 10px;" class="object-meta-data"><span class="copy-to-clipboard-container" title="Copy to clipboard" style="vertical-align: top; display: none;"><span style="cursor: pointer; display: inline;"><span class="copy-icon"><svg style="vertical-align: top; color: rgb(0, 0, 0); font-size: 15px; margin-right: 3px; height: 1em; width: 1em;" viewBox="0 0 40 40" fill="currentColor" preserveAspectRatio="xMidYMid meet"><g><path d="m30 35h-25v-22.5h25v7.5h2.5v-12.5c0-1.4-1.1-2.5-2.5-2.5h-7.5c0-2.8-2.2-5-5-5s-5 2.2-5 5h-7.5c-1.4 0-2.5 1.1-2.5 2.5v27.5c0 1.4 1.1 2.5 2.5 2.5h25c1.4 0 2.5-1.1 2.5-2.5v-5h-2.5v5z m-20-27.5h2.5s2.5-1.1 2.5-2.5 1.1-2.5 2.5-2.5 2.5 1.1 2.5 2.5 1.3 2.5 2.5 2.5h2.5s2.5 1.1 2.5 2.5h-20c0-1.5 1.1-2.5 2.5-2.5z m-2.5 20h5v-2.5h-5v2.5z m17.5-5v-5l-10 7.5 10 7.5v-5h12.5v-5h-12.5z m-17.5 10h7.5v-2.5h-7.5v2.5z m12.5-17.5h-12.5v2.5h12.5v-2.5z m-7.5 5h-5v2.5h5v-2.5z"></path></g></svg></span></span></span></div></span>
            <div class="pushed-content object-container">
              <div class="object-content" style="margin-left: 6px;">
                <div style="border-left: 1px solid #000000; padding: 3px 5px 3px 20px;" class="variable-row"><span><span style="display: inline-block; color: rgb(0, 94, 184); letter-spacing: 0.5px; font-style: none; vertical-align: top; opacity: 0.85;" class="object-key"><span style="vertical-align: top;">"</span><span style="display: inline-block;">req</span><span style="vertical-align: top;">"</span></span><span style="display: inline-block; margin: 0px 5px; color: rgb(0, 94, 184); vertical-align: top;">:</span></span>
                  <div class="variable-value" style="display: inline-block; padding-right: 6px; position: relative; cursor: default;">
                    <div style="display: inline-block; color: rgb(0, 0, 0);"><span class="string-value" style="cursor: default;">"JSON Request"</span></div>
                  </div><span class="copy-to-clipboard-container" title="Copy to clipboard" style="vertical-align: top; display: none;"><span style="cursor: pointer; display: inline;"><span class="copy-icon"><svg style="vertical-align: top; color: rgb(0, 0, 0); font-size: 15px; margin-right: 3px; height: 1em; width: 1em;" viewBox="0 0 40 40" fill="currentColor" preserveAspectRatio="xMidYMid meet"><g><path d="m30 35h-25v-22.5h25v7.5h2.5v-12.5c0-1.4-1.1-2.5-2.5-2.5h-7.5c0-2.8-2.2-5-5-5s-5 2.2-5 5h-7.5c-1.4 0-2.5 1.1-2.5 2.5v27.5c0 1.4 1.1 2.5 2.5 2.5h25c1.4 0 2.5-1.1 2.5-2.5v-5h-2.5v5z m-20-27.5h2.5s2.5-1.1 2.5-2.5 1.1-2.5 2.5-2.5 2.5 1.1 2.5 2.5 1.3 2.5 2.5 2.5h2.5s2.5 1.1 2.5 2.5h-20c0-1.5 1.1-2.5 2.5-2.5z m-2.5 20h5v-2.5h-5v2.5z m17.5-5v-5l-10 7.5 10 7.5v-5h12.5v-5h-12.5z m-17.5 10h7.5v-2.5h-7.5v2.5z m12.5-17.5h-12.5v2.5h12.5v-2.5z m-7.5 5h-5v2.5h5v-2.5z"></path></g></svg></span></span></span>
                </div>
              </div>
            </div><span class="brace-row"><span style="display: inline-block; cursor: pointer; font-weight: bold; color: rgb(0, 94, 184); padding-left: 3px;">}</span></span>
          </div>
        </div>
      </div>
    </div>
</div>
</details>
<details class="nhsuk-details nhsuk-expander">
  <summary class="nhsuk-details__summary"><span class="nhsuk-details__summary-text">2 - Equivalent hl7v3 that the FHIR API has sent to spine</span></summary>
  <div class="nhsuk-details__text">
    <div class="sc-dmyDGi gJRWxu"><button class="nhsuk-button sc-jTQDnj kwiqEC" aria-disabled="false" type="submit">Copy</button><a class="nhsuk-button sc-jTQDnj kwiqEC" role="button" aria-disabled="false" draggable="false" href="data:text/xml;charset=utf-8,XML%20Request" download="message">Download</a></div><pre class="sc-eDLJxc hLWYAT">XML Request</pre>
  </div>
</details>
<details class="nhsuk-details nhsuk-expander">
  <summary class="nhsuk-details__summary"><span class="nhsuk-details__summary-text">3 -  The hl7v3 spine response that the FHIR API received from spine</span></summary>
  <div class="nhsuk-details__text">
    <div class="sc-dmyDGi gJRWxu"><button class="nhsuk-button sc-jTQDnj kwiqEC" aria-disabled="false" type="submit">Copy</button><a class="nhsuk-button sc-jTQDnj kwiqEC" role="button" aria-disabled="false" draggable="false" href="data:text/xml;charset=utf-8,XML%20Response" download="message">Download</a></div><pre class="sc-eDLJxc hLWYAT">XML Response</pre>
  </div>
</details>
<details class="nhsuk-details nhsuk-expander">
  <summary class="nhsuk-details__summary"><span class="nhsuk-details__summary-text">4 - FHIR Response that a supplier will receive from the FHIR API</span></summary>
  <div class="nhsuk-details__text">
    <div class="sc-dmyDGi gJRWxu"><button class="nhsuk-button sc-jTQDnj kwiqEC" aria-disabled="false" type="submit">Copy</button><a class="nhsuk-button sc-jTQDnj kwiqEC" role="button" aria-disabled="false" draggable="false" href="data:application/json;charset=utf-8,%7B%0A%20%20%22res%22%3A%20%22JSON%20Response%22%0A%7D" download="message">Download</a></div>
    <div class="react-json-view" style="font-family: monospace; cursor: default; background-color: rgb(255, 255, 255); position: relative; margin-top: 10px;">
      <div class="pretty-json-container object-container">
        <div class="object-content">
          <div class="object-key-val"><span><span style="display: inline-block; cursor: pointer;"><div class="icon-container" style="display: inline-block; width: 17px;"><span class="expanded-icon"><svg style="vertical-align: top; color: rgb(0, 0, 0); height: 1em; width: 1em; padding-left: 2px;" viewBox="0 0 15 15" fill="currentColor"><path d="M0 5l6 6 6-6z"></path></svg></span></div><span></span><span style="display: inline-block; cursor: pointer; font-weight: bold; color: rgb(0, 94, 184);">{</span></span>
          <div style="display: inline-block; padding: 0px 0px 0px 10px;" class="object-meta-data"><span class="copy-to-clipboard-container" title="Copy to clipboard" style="vertical-align: top; display: none;"><span style="cursor: pointer; display: inline;"><span class="copy-icon"><svg style="vertical-align: top; color: rgb(0, 0, 0); font-size: 15px; margin-right: 3px; height: 1em; width: 1em;" viewBox="0 0 40 40" fill="currentColor" preserveAspectRatio="xMidYMid meet"><g><path d="m30 35h-25v-22.5h25v7.5h2.5v-12.5c0-1.4-1.1-2.5-2.5-2.5h-7.5c0-2.8-2.2-5-5-5s-5 2.2-5 5h-7.5c-1.4 0-2.5 1.1-2.5 2.5v27.5c0 1.4 1.1 2.5 2.5 2.5h25c1.4 0 2.5-1.1 2.5-2.5v-5h-2.5v5z m-20-27.5h2.5s2.5-1.1 2.5-2.5 1.1-2.5 2.5-2.5 2.5 1.1 2.5 2.5 1.3 2.5 2.5 2.5h2.5s2.5 1.1 2.5 2.5h-20c0-1.5 1.1-2.5 2.5-2.5z m-2.5 20h5v-2.5h-5v2.5z m17.5-5v-5l-10 7.5 10 7.5v-5h12.5v-5h-12.5z m-17.5 10h7.5v-2.5h-7.5v2.5z m12.5-17.5h-12.5v2.5h12.5v-2.5z m-7.5 5h-5v2.5h5v-2.5z"></path></g></svg></span></span></span></div></span>
          <div class="pushed-content object-container">
            <div class="object-content" style="margin-left: 6px;">
              <div style="border-left: 1px solid #000000; padding: 3px 5px 3px 20px;" class="variable-row"><span><span style="display: inline-block; color: rgb(0, 94, 184); letter-spacing: 0.5px; font-style: none; vertical-align: top; opacity: 0.85;" class="object-key"><span style="vertical-align: top;">"</span><span style="display: inline-block;">res</span><span style="vertical-align: top;">"</span></span><span style="display: inline-block; margin: 0px 5px; color: rgb(0, 94, 184); vertical-align: top;">:</span></span>
                <div class="variable-value" style="display: inline-block; padding-right: 6px; position: relative; cursor: default;">
                  <div style="display: inline-block; color: rgb(0, 0, 0);"><span class="string-value" style="cursor: default;">"JSON Response"</span></div>
                </div><span class="copy-to-clipboard-container" title="Copy to clipboard" style="vertical-align: top; display: none;"><span style="cursor: pointer; display: inline;"><span class="copy-icon"><svg style="vertical-align: top; color: rgb(0, 0, 0); font-size: 15px; margin-right: 3px; height: 1em; width: 1em;" viewBox="0 0 40 40" fill="currentColor" preserveAspectRatio="xMidYMid meet"><g><path d="m30 35h-25v-22.5h25v7.5h2.5v-12.5c0-1.4-1.1-2.5-2.5-2.5h-7.5c0-2.8-2.2-5-5-5s-5 2.2-5 5h-7.5c-1.4 0-2.5 1.1-2.5 2.5v27.5c0 1.4 1.1 2.5 2.5 2.5h25c1.4 0 2.5-1.1 2.5-2.5v-5h-2.5v5z m-20-27.5h2.5s2.5-1.1 2.5-2.5 1.1-2.5 2.5-2.5 2.5 1.1 2.5 2.5 1.3 2.5 2.5 2.5h2.5s2.5 1.1 2.5 2.5h-20c0-1.5 1.1-2.5 2.5-2.5z m-2.5 20h5v-2.5h-5v2.5z m17.5-5v-5l-10 7.5 10 7.5v-5h12.5v-5h-12.5z m-17.5 10h7.5v-2.5h-7.5v2.5z m12.5-17.5h-12.5v2.5h12.5v-2.5z m-7.5 5h-5v2.5h5v-2.5z"></path></g></svg></span></span></span>
              </div>
            </div>
          </div><span class="brace-row"><span style="display: inline-block; cursor: pointer; font-weight: bold; color: rgb(0, 94, 184); padding-left: 3px;">}</span></span>
        </div>
      </div>
    </div>
  </div>
  </div>
</details>
</div>
<div class="sc-dmyDGi gJRWxu"><button class="nhsuk-button nhsuk-button--secondary" aria-disabled="false" type="button">Back</button></div>"
`;

exports[`Displays loading text while dispense notification is being submitted 1`] = `
"<div style="text-align: center;">
  <h1 class="nhsuk-label-wrapper"><label class="nhsuk-label nhsuk-label--xl sc-gLLvby gPqJsi">Loading</label></h1>
  <div class="nhsuk-loader"><span class="nhsuk-loader__spinner"></span><span class="nhsuk-loader__text">Sending dispense notification.</span></div>
</div>"
`;

exports[`Displays loading text while prescription data is being requested 1`] = `
"<div style="text-align: center;">
  <h1 class="nhsuk-label-wrapper"><label class="nhsuk-label nhsuk-label--xl sc-gLLvby gPqJsi">Loading</label></h1>
  <div class="nhsuk-loader"><span class="nhsuk-loader__spinner"></span><span class="nhsuk-loader__text">Retrieving prescription details.</span></div>
</div>"
`;
