// Jest Snapshot v1, https://goo.gl/fbAQLP

exports[`Displays return form 1`] = `
"<h1 class="nhsuk-label-wrapper"><label class="nhsuk-label nhsuk-label--xl">Return prescription</label></h1>
<dl class="nhsuk-summary-list">
  <div class="nhsuk-summary-list__row">
    <dt class="nhsuk-summary-list__key">ID</dt>
    <dd class="nhsuk-summary-list__value">7A9089-A83008-56A03J</dd>
  </div>
</dl>
<form>
  <div class="nhsuk-form-group">
    <fieldset class="nhsuk-fieldset">
      <div class="nhsuk-form-group"><label class="nhsuk-label nhsuk-label--s" id="pharmacy--label" for="pharmacy">Pharmacy returning prescription</label>
        <div class="nhsuk-radios" id="pharmacy" aria-labelledby="pharmacy--label" value="VNFKT">
          <div class="nhsuk-radios__item"><input class="nhsuk-radios__input" id="pharmacy-1" name="pharmacy" aria-labelledby="pharmacy-1--label" type="radio" value="VNFKT" checked=""><label class="nhsuk-label nhsuk-radios__label" id="pharmacy-1--label" for="pharmacy-1">VNFKT - FIVE STAR HOMECARE LEEDS LTD</label></div>
          <div class="nhsuk-radios__item"><input class="nhsuk-radios__input" id="pharmacy-2" name="pharmacy" aria-labelledby="pharmacy-2--label" type="radio" value="YGM1E"><label class="nhsuk-label nhsuk-radios__label" id="pharmacy-2--label" for="pharmacy-2">YGM1E - MBBM HEALTHCARE TECHNOLOGIES LTD</label></div>
          <div class="nhsuk-radios__item"><input class="nhsuk-radios__input" id="pharmacy-3" name="pharmacy" aria-labelledby="pharmacy-3--label" type="radio" value="custom"><label class="nhsuk-label nhsuk-radios__label" id="pharmacy-3--label" for="pharmacy-3">Other</label></div>
        </div>
      </div>
      <div class="nhsuk-form-group"><label class="nhsuk-label nhsuk-label--s" id="reason--label" for="reason">Choose a reason for returning</label>
        <div class="nhsuk-radios" id="reason" aria-labelledby="reason--label" value="0002">
          <div class="nhsuk-radios__item"><input class="nhsuk-radios__input" id="reason-1" name="reason" aria-labelledby="reason-1--label" type="radio" value="0001"><label class="nhsuk-label nhsuk-radios__label" id="reason-1--label" for="reason-1">Patient non-attendance</label></div>
          <div class="nhsuk-radios__item"><input class="nhsuk-radios__input" id="reason-2" name="reason" aria-labelledby="reason-2--label" type="radio" value="0002" checked=""><label class="nhsuk-label nhsuk-radios__label" id="reason-2--label" for="reason-2">Unable to dispense medication on prescriptions</label></div>
          <div class="nhsuk-radios__item"><input class="nhsuk-radios__input" id="reason-3" name="reason" aria-labelledby="reason-3--label" type="radio" value="0003"><label class="nhsuk-label nhsuk-radios__label" id="reason-3--label" for="reason-3">Patient requested release</label></div>
          <div class="nhsuk-radios__item"><input class="nhsuk-radios__input" id="reason-4" name="reason" aria-labelledby="reason-4--label" type="radio" value="0004"><label class="nhsuk-label nhsuk-radios__label" id="reason-4--label" for="reason-4">Another dispenser requested release on behalf of the patient</label></div>
          <div class="nhsuk-radios__item"><input class="nhsuk-radios__input" id="reason-5" name="reason" aria-labelledby="reason-5--label" type="radio" value="0005"><label class="nhsuk-label nhsuk-radios__label" id="reason-5--label" for="reason-5">Invalid digital signature</label></div>
          <div class="nhsuk-radios__item"><input class="nhsuk-radios__input" id="reason-6" name="reason" aria-labelledby="reason-6--label" type="radio" value="0006"><label class="nhsuk-label nhsuk-radios__label" id="reason-6--label" for="reason-6">Rejected due to version problem</label></div>
          <div class="nhsuk-radios__item"><input class="nhsuk-radios__input" id="reason-7" name="reason" aria-labelledby="reason-7--label" type="radio" value="0007"><label class="nhsuk-label nhsuk-radios__label" id="reason-7--label" for="reason-7">Prescription otherwise invalid or unreadable</label></div>
          <div class="nhsuk-radios__item"><input class="nhsuk-radios__input" id="reason-8" name="reason" aria-labelledby="reason-8--label" type="radio" value="0008"><label class="nhsuk-label nhsuk-radios__label" id="reason-8--label" for="reason-8">Prescription expired</label></div>
        </div>
      </div>
    </fieldset>
  </div>
  <div class="sc-dlfmHC kSteAI"><button class="nhsuk-button" aria-disabled="false" type="submit">Return</button><button class="nhsuk-button nhsuk-button--secondary" aria-disabled="false" type="button">Back</button></div>
</form>"
`;

exports[`Displays return result 1`] = `
"<h1 class="nhsuk-label-wrapper"><label class="nhsuk-label nhsuk-label--xl">Return Result <svg class="nhsuk-icon nhsuk-icon__tick" xmlns="http://www.w3.org/2000/svg" viewBox="0 0 24 24" aria-hidden="true" height="34" width="34">
      <path stroke-width="4" stroke-linecap="round" stroke="#007f3b" fill="none" d="M18.4 7.8l-8.5 8.4L5.6 12"></path>
    </svg></label></h1>
<div class="nhsuk-expander-group">
  <details class="nhsuk-details nhsuk-expander">
    <summary class="nhsuk-details__summary"><span class="nhsuk-details__summary-text">1 - FHIR Request that a supplier would send to the FHIR API</span></summary>
    <div class="nhsuk-details__text">
      <div class="sc-dlfmHC kSteAI"><button class="nhsuk-button sc-jSguLX nyBIK" aria-disabled="false" type="submit">Copy</button><a class="nhsuk-button sc-jSguLX nyBIK" role="button" aria-disabled="false" draggable="false" href="data:application/json;charset=utf-8,%7B%0A%20%20%22req%22%3A%20%22JSON%20Request%22%0A%7D" download="message">Download</a></div>
      <div class="react-json-view" style="font-family: monospace; cursor: default; background-color: rgb(255, 255, 255); position: relative; margin-top: 10px;">
        <div class="pretty-json-container object-container">
          <div class="object-content">
            <div class="object-key-val"><span><span style="display: inline-block; cursor: pointer;"><div class="icon-container" style="display: inline-block; width: 17px;"><span class="expanded-icon"><svg style="vertical-align: top; color: rgb(0, 0, 0); height: 1em; width: 1em; padding-left: 2px;" viewBox="0 0 15 15" fill="currentColor"><path d="M0 5l6 6 6-6z"></path></svg></span></div><span></span><span style="display: inline-block; cursor: pointer; font-weight: bold; color: rgb(0, 94, 184);">{</span></span>
            <div style="display: inline-block; padding: 0px 0px 0px 10px;" class="object-meta-data"><span class="copy-to-clipboard-container" title="Copy to clipboard" style="vertical-align: top; display: none;"><span style="cursor: pointer; display: inline;"><span class="copy-icon"><svg style="vertical-align: top; color: rgb(0, 0, 0); font-size: 15px; margin-right: 3px; height: 1em; width: 1em;" viewBox="0 0 40 40" fill="currentColor" preserveAspectRatio="xMidYMid meet"><g><path d="m30 35h-25v-22.5h25v7.5h2.5v-12.5c0-1.4-1.1-2.5-2.5-2.5h-7.5c0-2.8-2.2-5-5-5s-5 2.2-5 5h-7.5c-1.4 0-2.5 1.1-2.5 2.5v27.5c0 1.4 1.1 2.5 2.5 2.5h25c1.4 0 2.5-1.1 2.5-2.5v-5h-2.5v5z m-20-27.5h2.5s2.5-1.1 2.5-2.5 1.1-2.5 2.5-2.5 2.5 1.1 2.5 2.5 1.3 2.5 2.5 2.5h2.5s2.5 1.1 2.5 2.5h-20c0-1.5 1.1-2.5 2.5-2.5z m-2.5 20h5v-2.5h-5v2.5z m17.5-5v-5l-10 7.5 10 7.5v-5h12.5v-5h-12.5z m-17.5 10h7.5v-2.5h-7.5v2.5z m12.5-17.5h-12.5v2.5h12.5v-2.5z m-7.5 5h-5v2.5h5v-2.5z"></path></g></svg></span></span></span></div></span>
            <div class="pushed-content object-container">
              <div class="object-content" style="margin-left: 6px;">
                <div style="border-left: 1px solid #000000; padding: 3px 5px 3px 20px;" class="variable-row"><span><span style="display: inline-block; color: rgb(0, 94, 184); letter-spacing: 0.5px; font-style: none; vertical-align: top; opacity: 0.85;" class="object-key"><span style="vertical-align: top;">"</span><span style="display: inline-block;">req</span><span style="vertical-align: top;">"</span></span><span style="display: inline-block; margin: 0px 5px; color: rgb(0, 94, 184); vertical-align: top;">:</span></span>
                  <div class="variable-value" style="display: inline-block; padding-right: 6px; position: relative; cursor: default;">
                    <div style="display: inline-block; color: rgb(0, 0, 0);"><span class="string-value" style="cursor: default;">"JSON Request"</span></div>
                  </div><span class="copy-to-clipboard-container" title="Copy to clipboard" style="vertical-align: top; display: none;"><span style="cursor: pointer; display: inline;"><span class="copy-icon"><svg style="vertical-align: top; color: rgb(0, 0, 0); font-size: 15px; margin-right: 3px; height: 1em; width: 1em;" viewBox="0 0 40 40" fill="currentColor" preserveAspectRatio="xMidYMid meet"><g><path d="m30 35h-25v-22.5h25v7.5h2.5v-12.5c0-1.4-1.1-2.5-2.5-2.5h-7.5c0-2.8-2.2-5-5-5s-5 2.2-5 5h-7.5c-1.4 0-2.5 1.1-2.5 2.5v27.5c0 1.4 1.1 2.5 2.5 2.5h25c1.4 0 2.5-1.1 2.5-2.5v-5h-2.5v5z m-20-27.5h2.5s2.5-1.1 2.5-2.5 1.1-2.5 2.5-2.5 2.5 1.1 2.5 2.5 1.3 2.5 2.5 2.5h2.5s2.5 1.1 2.5 2.5h-20c0-1.5 1.1-2.5 2.5-2.5z m-2.5 20h5v-2.5h-5v2.5z m17.5-5v-5l-10 7.5 10 7.5v-5h12.5v-5h-12.5z m-17.5 10h7.5v-2.5h-7.5v2.5z m12.5-17.5h-12.5v2.5h12.5v-2.5z m-7.5 5h-5v2.5h5v-2.5z"></path></g></svg></span></span></span>
                </div>
              </div>
            </div><span class="brace-row"><span style="display: inline-block; cursor: pointer; font-weight: bold; color: rgb(0, 94, 184); padding-left: 3px;">}</span></span>
          </div>
        </div>
      </div>
    </div>
</div>
</details>
<details class="nhsuk-details nhsuk-expander">
  <summary class="nhsuk-details__summary"><span class="nhsuk-details__summary-text">2 - Equivalent hl7v3 that the FHIR API has sent to spine</span></summary>
  <div class="nhsuk-details__text">
    <div class="sc-dlfmHC kSteAI"><button class="nhsuk-button sc-jSguLX nyBIK" aria-disabled="false" type="submit">Copy</button><a class="nhsuk-button sc-jSguLX nyBIK" role="button" aria-disabled="false" draggable="false" href="data:text/xml;charset=utf-8,XML%20Request" download="message">Download</a></div><pre class="sc-eCstZk YATfn">XML Request</pre>
  </div>
</details>
<details class="nhsuk-details nhsuk-expander">
  <summary class="nhsuk-details__summary"><span class="nhsuk-details__summary-text">3 -  The hl7v3 spine response that the FHIR API received from spine</span></summary>
  <div class="nhsuk-details__text">
    <div class="sc-dlfmHC kSteAI"><button class="nhsuk-button sc-jSguLX nyBIK" aria-disabled="false" type="submit">Copy</button><a class="nhsuk-button sc-jSguLX nyBIK" role="button" aria-disabled="false" draggable="false" href="data:text/xml;charset=utf-8,XML%20Response" download="message">Download</a></div><pre class="sc-eCstZk YATfn">XML Response</pre>
  </div>
</details>
<details class="nhsuk-details nhsuk-expander">
  <summary class="nhsuk-details__summary"><span class="nhsuk-details__summary-text">4 - FHIR Response that a supplier will receive from the FHIR API</span></summary>
  <div class="nhsuk-details__text">
    <div class="sc-dlfmHC kSteAI"><button class="nhsuk-button sc-jSguLX nyBIK" aria-disabled="false" type="submit">Copy</button><a class="nhsuk-button sc-jSguLX nyBIK" role="button" aria-disabled="false" draggable="false" href="data:application/json;charset=utf-8,%7B%0A%20%20%22res%22%3A%20%22JSON%20Response%22%0A%7D" download="message">Download</a></div>
    <div class="react-json-view" style="font-family: monospace; cursor: default; background-color: rgb(255, 255, 255); position: relative; margin-top: 10px;">
      <div class="pretty-json-container object-container">
        <div class="object-content">
          <div class="object-key-val"><span><span style="display: inline-block; cursor: pointer;"><div class="icon-container" style="display: inline-block; width: 17px;"><span class="expanded-icon"><svg style="vertical-align: top; color: rgb(0, 0, 0); height: 1em; width: 1em; padding-left: 2px;" viewBox="0 0 15 15" fill="currentColor"><path d="M0 5l6 6 6-6z"></path></svg></span></div><span></span><span style="display: inline-block; cursor: pointer; font-weight: bold; color: rgb(0, 94, 184);">{</span></span>
          <div style="display: inline-block; padding: 0px 0px 0px 10px;" class="object-meta-data"><span class="copy-to-clipboard-container" title="Copy to clipboard" style="vertical-align: top; display: none;"><span style="cursor: pointer; display: inline;"><span class="copy-icon"><svg style="vertical-align: top; color: rgb(0, 0, 0); font-size: 15px; margin-right: 3px; height: 1em; width: 1em;" viewBox="0 0 40 40" fill="currentColor" preserveAspectRatio="xMidYMid meet"><g><path d="m30 35h-25v-22.5h25v7.5h2.5v-12.5c0-1.4-1.1-2.5-2.5-2.5h-7.5c0-2.8-2.2-5-5-5s-5 2.2-5 5h-7.5c-1.4 0-2.5 1.1-2.5 2.5v27.5c0 1.4 1.1 2.5 2.5 2.5h25c1.4 0 2.5-1.1 2.5-2.5v-5h-2.5v5z m-20-27.5h2.5s2.5-1.1 2.5-2.5 1.1-2.5 2.5-2.5 2.5 1.1 2.5 2.5 1.3 2.5 2.5 2.5h2.5s2.5 1.1 2.5 2.5h-20c0-1.5 1.1-2.5 2.5-2.5z m-2.5 20h5v-2.5h-5v2.5z m17.5-5v-5l-10 7.5 10 7.5v-5h12.5v-5h-12.5z m-17.5 10h7.5v-2.5h-7.5v2.5z m12.5-17.5h-12.5v2.5h12.5v-2.5z m-7.5 5h-5v2.5h5v-2.5z"></path></g></svg></span></span></span></div></span>
          <div class="pushed-content object-container">
            <div class="object-content" style="margin-left: 6px;">
              <div style="border-left: 1px solid #000000; padding: 3px 5px 3px 20px;" class="variable-row"><span><span style="display: inline-block; color: rgb(0, 94, 184); letter-spacing: 0.5px; font-style: none; vertical-align: top; opacity: 0.85;" class="object-key"><span style="vertical-align: top;">"</span><span style="display: inline-block;">res</span><span style="vertical-align: top;">"</span></span><span style="display: inline-block; margin: 0px 5px; color: rgb(0, 94, 184); vertical-align: top;">:</span></span>
                <div class="variable-value" style="display: inline-block; padding-right: 6px; position: relative; cursor: default;">
                  <div style="display: inline-block; color: rgb(0, 0, 0);"><span class="string-value" style="cursor: default;">"JSON Response"</span></div>
                </div><span class="copy-to-clipboard-container" title="Copy to clipboard" style="vertical-align: top; display: none;"><span style="cursor: pointer; display: inline;"><span class="copy-icon"><svg style="vertical-align: top; color: rgb(0, 0, 0); font-size: 15px; margin-right: 3px; height: 1em; width: 1em;" viewBox="0 0 40 40" fill="currentColor" preserveAspectRatio="xMidYMid meet"><g><path d="m30 35h-25v-22.5h25v7.5h2.5v-12.5c0-1.4-1.1-2.5-2.5-2.5h-7.5c0-2.8-2.2-5-5-5s-5 2.2-5 5h-7.5c-1.4 0-2.5 1.1-2.5 2.5v27.5c0 1.4 1.1 2.5 2.5 2.5h25c1.4 0 2.5-1.1 2.5-2.5v-5h-2.5v5z m-20-27.5h2.5s2.5-1.1 2.5-2.5 1.1-2.5 2.5-2.5 2.5 1.1 2.5 2.5 1.3 2.5 2.5 2.5h2.5s2.5 1.1 2.5 2.5h-20c0-1.5 1.1-2.5 2.5-2.5z m-2.5 20h5v-2.5h-5v2.5z m17.5-5v-5l-10 7.5 10 7.5v-5h12.5v-5h-12.5z m-17.5 10h7.5v-2.5h-7.5v2.5z m12.5-17.5h-12.5v2.5h12.5v-2.5z m-7.5 5h-5v2.5h5v-2.5z"></path></g></svg></span></span></span>
              </div>
            </div>
          </div><span class="brace-row"><span style="display: inline-block; cursor: pointer; font-weight: bold; color: rgb(0, 94, 184); padding-left: 3px;">}</span></span>
        </div>
      </div>
    </div>
  </div>
  </div>
</details>
</div>
<div class="sc-dlfmHC kSteAI"><button class="nhsuk-button nhsuk-button--secondary" aria-disabled="false" type="button">Back</button></div>"
`;
