// Jest Snapshot v1, https://goo.gl/fbAQLP

exports[`Displays confirmation page if multiple prescriptions are sent successfully 1`] = `""`;

exports[`Displays confirmation page if single prescription is sent successfully 1`] = `""`;

exports[`Exception report button not shown if there are pending prescriptions 1`] = `""`;

exports[`Exception report button shown if there are failed prescriptions 1`] = `""`;
