// Jest Snapshot v1, https://goo.gl/fbAQLP

exports[`Displays validate form 1`] = `
"<h1 class="nhsuk-label-wrapper"><label class="nhsuk-label nhsuk-label--xl">Validate a FHIR Resource</label></h1>
<form>
  <div class="nhsuk-form-group">
    <fieldset class="nhsuk-fieldset sc-cwHqhk kMCanE">
      <div class="nhsuk-form-group"><textarea class="nhsuk-textarea" name="validatePayload" id="validatePayload" rows="20"></textarea></div>
    </fieldset>
  </div>
  <div class="sc-eqUzNf chXQhu"><button class="nhsuk-button" aria-disabled="false" type="submit">Validate</button><button class="nhsuk-button nhsuk-button--secondary" aria-disabled="false" type="button">Back</button></div>
</form>"
`;

exports[`Displays validate result 1`] = `
"<h1 class="nhsuk-label-wrapper"><label class="nhsuk-label nhsuk-label--xl">Validate Result <svg class="nhsuk-icon nhsuk-icon__tick" xmlns="http://www.w3.org/2000/svg" viewBox="0 0 24 24" aria-hidden="true" height="34" width="34">
      <path stroke-width="4" stroke-linecap="round" stroke="#007f3b" fill="none" d="M18.4 7.8l-8.5 8.4L5.6 12"></path>
    </svg></label></h1>
<div class="nhsuk-expander-group">
  <details class="nhsuk-details nhsuk-expander">
    <summary class="nhsuk-details__summary"><span class="nhsuk-details__summary-text">1 - FHIR Request that a supplier would send to the FHIR API</span></summary>
    <div class="nhsuk-details__text">
      <div class="sc-eqUzNf chXQhu"><button class="nhsuk-button sc-iGgVNO cEsNDy" aria-disabled="false" type="submit">Copy</button><a class="nhsuk-button sc-iGgVNO cEsNDy" role="button" aria-disabled="false" draggable="false" href="data:application/json;charset=utf-8,%7B%0A%20%20%22req%22%3A%20%22JSON%20Request%22%0A%7D" download="message">Download</a></div>
      <div class="_2IvMF _GzYRV">
        <div class="_2bkNM" role="list"><span class="_oLqym _f10Tu _1MFti _1LId0" role="button" tabindex="0" aria-label="collapse JSON" aria-expanded="true" aria-controls=":jsnvw:1:"></span><span class="_3uHL6 _3eOF8">{</span>
          <div id=":jsnvw:1:">
            <div class="_2bkNM" role="listitem"><span class="_1MGIk">req:</span><span class="_vGjyY">"JSON Request"</span></div>
          </div><span class="_3uHL6 _3eOF8">}</span>
        </div>
      </div>
    </div>
  </details>
  <details class="nhsuk-details nhsuk-expander">
    <summary class="nhsuk-details__summary"><span class="nhsuk-details__summary-text">2 - FHIR Response that a supplier will receive from the FHIR API</span></summary>
    <div class="nhsuk-details__text">
      <div class="sc-eqUzNf chXQhu"><button class="nhsuk-button sc-iGgVNO cEsNDy" aria-disabled="false" type="submit">Copy</button><a class="nhsuk-button sc-iGgVNO cEsNDy" role="button" aria-disabled="false" draggable="false" href="data:application/json;charset=utf-8,%7B%0A%20%20%22res%22%3A%20%22JSON%20Response%22%0A%7D" download="message">Download</a></div>
      <div class="_2IvMF _GzYRV">
        <div class="_2bkNM" role="list"><span class="_oLqym _f10Tu _1MFti _1LId0" role="button" tabindex="0" aria-label="collapse JSON" aria-expanded="true" aria-controls=":jsnvw:2:"></span><span class="_3uHL6 _3eOF8">{</span>
          <div id=":jsnvw:2:">
            <div class="_2bkNM" role="listitem"><span class="_1MGIk">res:</span><span class="_vGjyY">"JSON Response"</span></div>
          </div><span class="_3uHL6 _3eOF8">}</span>
        </div>
      </div>
    </div>
  </details>
</div>
<div class="sc-eqUzNf chXQhu"><button class="nhsuk-button nhsuk-button--secondary" aria-disabled="false" type="button">Back</button></div>"
`;
