// Jest Snapshot v1, https://goo.gl/fbAQLP

exports[`Displays confirmation page if multiple prescriptions are sent successfully 1`] = `
"<h1 class=\\"nhsuk-label-wrapper\\"><label class=\\"nhsuk-label nhsuk-label--xl\\">Send Results</label></h1>
<div class=\\"sc-bdvvtL jjZBkx\\"><button class=\\"nhsuk-button\\" aria-disabled=\\"false\\" type=\\"submit\\">Copy Prescription IDs</button></div>
<div class=\\"nhsuk-table-responsive\\">
  <table class=\\"nhsuk-table\\">
    <thead class=\\"nhsuk-table__head\\">
      <tr class=\\"nhsuk-table__row\\">
        <th class=\\"nhsuk-table__header\\" scope=\\"col\\">ID</th>
        <th class=\\"nhsuk-table__header\\" scope=\\"col\\">Success</th>
      </tr>
    </thead>
    <tbody class=\\"nhsuk-table__body\\">
      <tr class=\\"nhsuk-table__row\\">
        <td class=\\"nhsuk-table__cell\\">003D4D-A99968-4C5AAJ</td>
        <td class=\\"nhsuk-table__cell\\"><svg class=\\"nhsuk-icon nhsuk-icon__tick\\" xmlns=\\"http://www.w3.org/2000/svg\\" viewBox=\\"0 0 24 24\\" aria-hidden=\\"true\\" height=\\"32\\" width=\\"32\\">
            <path stroke-width=\\"4\\" stroke-linecap=\\"round\\" stroke=\\"#007f3b\\" fill=\\"none\\" d=\\"M18.4 7.8l-8.5 8.4L5.6 12\\"></path>
          </svg></td>
      </tr>
      <tr class=\\"nhsuk-table__row\\">
        <td class=\\"nhsuk-table__cell\\">008070-A99968-41CD9V</td>
        <td class=\\"nhsuk-table__cell\\"><svg class=\\"nhsuk-icon nhsuk-icon__tick\\" xmlns=\\"http://www.w3.org/2000/svg\\" viewBox=\\"0 0 24 24\\" aria-hidden=\\"true\\" height=\\"32\\" width=\\"32\\">
            <path stroke-width=\\"4\\" stroke-linecap=\\"round\\" stroke=\\"#007f3b\\" fill=\\"none\\" d=\\"M18.4 7.8l-8.5 8.4L5.6 12\\"></path>
          </svg></td>
      </tr>
      <tr class=\\"nhsuk-table__row\\">
        <td class=\\"nhsuk-table__cell\\">010E34-A99968-467D9Z</td>
        <td class=\\"nhsuk-table__cell\\"><svg class=\\"nhsuk-icon nhsuk-icon__cross\\" xmlns=\\"http://www.w3.org/2000/svg\\" viewBox=\\"0 0 24 24\\" aria-hidden=\\"true\\" height=\\"32\\" width=\\"32\\">
            <path d=\\"M17 18.5c-.4 0-.8-.1-1.1-.4l-10-10c-.6-.6-.6-1.6 0-2.1.6-.6 1.5-.6 2.1 0l10 10c.6.6.6 1.5 0 2.1-.3.3-.6.4-1 .4z\\"></path>
            <path d=\\"M7 18.5c-.4 0-.8-.1-1.1-.4-.6-.6-.6-1.5 0-2.1l10-10c.6-.6 1.5-.6 2.1 0 .6.6.6 1.5 0 2.1l-10 10c-.3.3-.6.4-1 .4z\\"></path>
          </svg></td>
      </tr>
    </tbody>
  </table>
</div>"
`;

exports[`Displays confirmation page if single prescription is sent successfully 1`] = `
"<h1 class=\\"nhsuk-label-wrapper\\"><label class=\\"nhsuk-label nhsuk-label--xl\\">Send Result <svg class=\\"nhsuk-icon nhsuk-icon__tick\\" xmlns=\\"http://www.w3.org/2000/svg\\" viewBox=\\"0 0 24 24\\" aria-hidden=\\"true\\" height=\\"32\\" width=\\"32\\">
      <path stroke-width=\\"4\\" stroke-linecap=\\"round\\" stroke=\\"#007f3b\\" fill=\\"none\\" d=\\"M18.4 7.8l-8.5 8.4L5.6 12\\"></path>
    </svg></label></h1>
<dl class=\\"nhsuk-summary-list\\">
  <div class=\\"nhsuk-summary-list__row\\">
    <dt class=\\"nhsuk-summary-list__key\\">ID</dt>
    <dd class=\\"nhsuk-summary-list__value\\">003D4D-A99968-4C5AAJ</dd>
  </div>
</dl>
<div class=\\"nhsuk-action-link\\"><a class=\\"nhsuk-action-link__link\\" href=\\"baseUrl/prescribe/cancel?prescription_id=003D4D-A99968-4C5AAJ\\"><svg class=\\"nhsuk-icon nhsuk-icon__arrow-right-circle\\" xmlns=\\"http://www.w3.org/2000/svg\\" viewBox=\\"0 0 24 24\\" aria-hidden=\\"true\\" height=\\"32\\" width=\\"32\\">
      <path d=\\"M0 0h24v24H0z\\" fill=\\"none\\"></path>
      <path d=\\"M12 2a10 10 0 0 0-9.95 9h11.64L9.74 7.05a1 1 0 0 1 1.41-1.41l5.66 5.65a1 1 0 0 1 0 1.42l-5.66 5.65a1 1 0 0 1-1.41 0 1 1 0 0 1 0-1.41L13.69 13H2.05A10 10 0 1 0 12 2z\\"></path>
    </svg><span class=\\"nhsuk-action-link__text\\">Cancel prescription</span></a></div>
<div class=\\"nhsuk-action-link\\"><a class=\\"nhsuk-action-link__link\\" href=\\"baseUrl/dispense/release?prescription_id=003D4D-A99968-4C5AAJ\\"><svg class=\\"nhsuk-icon nhsuk-icon__arrow-right-circle\\" xmlns=\\"http://www.w3.org/2000/svg\\" viewBox=\\"0 0 24 24\\" aria-hidden=\\"true\\" height=\\"32\\" width=\\"32\\">
      <path d=\\"M0 0h24v24H0z\\" fill=\\"none\\"></path>
      <path d=\\"M12 2a10 10 0 0 0-9.95 9h11.64L9.74 7.05a1 1 0 0 1 1.41-1.41l5.66 5.65a1 1 0 0 1 0 1.42l-5.66 5.65a1 1 0 0 1-1.41 0 1 1 0 0 1 0-1.41L13.69 13H2.05A10 10 0 1 0 12 2z\\"></path>
    </svg><span class=\\"nhsuk-action-link__text\\">Release prescription</span></a></div>
<div class=\\"nhsuk-action-link\\"><a class=\\"nhsuk-action-link__link\\" href=\\"baseUrl/dispense/dispense?prescription_id=003D4D-A99968-4C5AAJ\\"><svg class=\\"nhsuk-icon nhsuk-icon__arrow-right-circle\\" xmlns=\\"http://www.w3.org/2000/svg\\" viewBox=\\"0 0 24 24\\" aria-hidden=\\"true\\" height=\\"32\\" width=\\"32\\">
      <path d=\\"M0 0h24v24H0z\\" fill=\\"none\\"></path>
      <path d=\\"M12 2a10 10 0 0 0-9.95 9h11.64L9.74 7.05a1 1 0 0 1 1.41-1.41l5.66 5.65a1 1 0 0 1 0 1.42l-5.66 5.65a1 1 0 0 1-1.41 0 1 1 0 0 1 0-1.41L13.69 13H2.05A10 10 0 1 0 12 2z\\"></path>
    </svg><span class=\\"nhsuk-action-link__text\\">Dispense prescription</span></a></div>
<div class=\\"nhsuk-action-link\\"><a class=\\"nhsuk-action-link__link\\" href=\\"baseUrl/dispense/claim?prescription_id=003D4D-A99968-4C5AAJ\\"><svg class=\\"nhsuk-icon nhsuk-icon__arrow-right-circle\\" xmlns=\\"http://www.w3.org/2000/svg\\" viewBox=\\"0 0 24 24\\" aria-hidden=\\"true\\" height=\\"32\\" width=\\"32\\">
      <path d=\\"M0 0h24v24H0z\\" fill=\\"none\\"></path>
      <path d=\\"M12 2a10 10 0 0 0-9.95 9h11.64L9.74 7.05a1 1 0 0 1 1.41-1.41l5.66 5.65a1 1 0 0 1 0 1.42l-5.66 5.65a1 1 0 0 1-1.41 0 1 1 0 0 1 0-1.41L13.69 13H2.05A10 10 0 1 0 12 2z\\"></path>
    </svg><span class=\\"nhsuk-action-link__text\\">Claim for prescription</span></a></div>
<div class=\\"nhsuk-action-link\\"><a class=\\"nhsuk-action-link__link\\" href=\\"baseUrl/search?prescription_id=003D4D-A99968-4C5AAJ\\"><svg class=\\"nhsuk-icon nhsuk-icon__arrow-right-circle\\" xmlns=\\"http://www.w3.org/2000/svg\\" viewBox=\\"0 0 24 24\\" aria-hidden=\\"true\\" height=\\"32\\" width=\\"32\\">
      <path d=\\"M0 0h24v24H0z\\" fill=\\"none\\"></path>
      <path d=\\"M12 2a10 10 0 0 0-9.95 9h11.64L9.74 7.05a1 1 0 0 1 1.41-1.41l5.66 5.65a1 1 0 0 1 0 1.42l-5.66 5.65a1 1 0 0 1-1.41 0 1 1 0 0 1 0-1.41L13.69 13H2.05A10 10 0 1 0 12 2z\\"></path>
    </svg><span class=\\"nhsuk-action-link__text\\">View prescription</span></a></div>
<div class=\\"nhsuk-expander-group\\">
  <details class=\\"nhsuk-details nhsuk-expander\\">
    <summary class=\\"nhsuk-details__summary\\"><span class=\\"nhsuk-details__summary-text\\">Request (FHIR)</span></summary>
    <div class=\\"nhsuk-details__text\\">
      <div class=\\"sc-bdvvtL jjZBkx\\"><button class=\\"nhsuk-button sc-dkPtRN hhyeAF\\" aria-disabled=\\"false\\" type=\\"submit\\">Copy</button><a class=\\"nhsuk-button sc-dkPtRN hhyeAF\\" role=\\"button\\" aria-disabled=\\"false\\" draggable=\\"false\\" href=\\"data:application/json;charset=utf-8,%22JSON%20Request%22\\" download=\\"message\\">Download</a></div><pre class=\\"sc-gsDKAQ jsqwND\\">\\"JSON Request\\"</pre>
    </div>
  </details>
  <details class=\\"nhsuk-details nhsuk-expander\\">
    <summary class=\\"nhsuk-details__summary\\"><span class=\\"nhsuk-details__summary-text\\">Request (HL7 V3)</span></summary>
    <div class=\\"nhsuk-details__text\\">
      <div class=\\"sc-bdvvtL jjZBkx\\"><button class=\\"nhsuk-button sc-dkPtRN hhyeAF\\" aria-disabled=\\"false\\" type=\\"submit\\">Copy</button><a class=\\"nhsuk-button sc-dkPtRN hhyeAF\\" role=\\"button\\" aria-disabled=\\"false\\" draggable=\\"false\\" href=\\"data:text/xml;charset=utf-8,XML%20Request\\" download=\\"message\\">Download</a></div><pre class=\\"sc-gsDKAQ jsqwND\\">XML Request</pre>
    </div>
  </details>
  <details class=\\"nhsuk-details nhsuk-expander\\">
    <summary class=\\"nhsuk-details__summary\\"><span class=\\"nhsuk-details__summary-text\\">Response (FHIR)</span></summary>
    <div class=\\"nhsuk-details__text\\">
      <div class=\\"sc-bdvvtL jjZBkx\\"><button class=\\"nhsuk-button sc-dkPtRN hhyeAF\\" aria-disabled=\\"false\\" type=\\"submit\\">Copy</button><a class=\\"nhsuk-button sc-dkPtRN hhyeAF\\" role=\\"button\\" aria-disabled=\\"false\\" draggable=\\"false\\" href=\\"data:application/json;charset=utf-8,%22JSON%20Response%22\\" download=\\"message\\">Download</a></div><pre class=\\"sc-gsDKAQ jsqwND\\">\\"JSON Response\\"</pre>
    </div>
  </details>
  <details class=\\"nhsuk-details nhsuk-expander\\">
    <summary class=\\"nhsuk-details__summary\\"><span class=\\"nhsuk-details__summary-text\\">Response (HL7 V3)</span></summary>
    <div class=\\"nhsuk-details__text\\">
      <div class=\\"sc-bdvvtL jjZBkx\\"><button class=\\"nhsuk-button sc-dkPtRN hhyeAF\\" aria-disabled=\\"false\\" type=\\"submit\\">Copy</button><a class=\\"nhsuk-button sc-dkPtRN hhyeAF\\" role=\\"button\\" aria-disabled=\\"false\\" draggable=\\"false\\" href=\\"data:text/xml;charset=utf-8,XML%20Response\\" download=\\"message\\">Download</a></div><pre class=\\"sc-gsDKAQ jsqwND\\">XML Response</pre>
    </div>
  </details>
</div>
<div class=\\"sc-bdvvtL jjZBkx\\"><button class=\\"nhsuk-button nhsuk-button--secondary\\" aria-disabled=\\"false\\" type=\\"button\\">Back</button></div>"
`;

exports[`Displays loading text while prescription is being sent 1`] = `"<h1 class=\\"nhsuk-label-wrapper\\"><label class=\\"nhsuk-label nhsuk-label--xl\\">Loading...</label></h1><label class=\\"nhsuk-label\\">Sending prescription(s).</label>"`;
