// Jest Snapshot v1, https://goo.gl/fbAQLP

exports[`Displays an error if dispense-notification not found 1`] = `"<h1 class=\\"nhsuk-label-wrapper\\"><label class=\\"nhsuk-label nhsuk-label--xl\\">Error</label></h1><span class=\\"nhsuk-error-message\\" role=\\"alert\\"><span class=\\"nhsuk-u-visually-hidden\\">Error: </span>Dispense notification not found. Has this prescription been dispensed?</span>"`;

exports[`Displays an error if prescription-order not found 1`] = `"<h1 class=\\"nhsuk-label-wrapper\\"><label class=\\"nhsuk-label nhsuk-label--xl\\">Error</label></h1><span class=\\"nhsuk-error-message\\" role=\\"alert\\"><span class=\\"nhsuk-u-visually-hidden\\">Error: </span>Prescription order not found. Is the ID correct?</span>"`;

exports[`Displays an error on invalid response 1`] = `"<h1 class=\\"nhsuk-label-wrapper\\"><label class=\\"nhsuk-label nhsuk-label--xl\\">Error</label></h1><span class=\\"nhsuk-error-message\\" role=\\"alert\\"><span class=\\"nhsuk-u-visually-hidden\\">Error: </span>Failed to retrieve prescription details.</span>"`;

exports[`Displays claim form if prescription details are retrieved successfully 1`] = `
"<h1 class=\\"nhsuk-label-wrapper\\"><label class=\\"nhsuk-label nhsuk-label--xl\\">Claim for Dispensed Medication</label></h1>
<form>
  <div class=\\"nhsuk-form-group\\">
    <fieldset class=\\"nhsuk-fieldset\\">
      <legend class=\\"nhsuk-fieldset__legend nhsuk-fieldset__legend--m\\">Methotrexate 10mg/0.2ml solution for injection pre-filled syringes</legend>
      <dl class=\\"nhsuk-summary-list nhsuk-summary-list--no-border\\">
        <div class=\\"nhsuk-summary-list__row\\">
          <dt class=\\"nhsuk-summary-list__key\\">Status</dt>
          <dd class=\\"nhsuk-summary-list__value\\">Item fully dispensed</dd>
        </div>
        <div class=\\"nhsuk-summary-list__row\\">
          <dt class=\\"nhsuk-summary-list__key\\">Quantity Dispensed</dt>
          <dd class=\\"nhsuk-summary-list__value\\">63 tablet</dd>
        </div>
      </dl>
      <div class=\\"nhsuk-form-group\\">
        <div class=\\"nhsuk-checkboxes\\" id=\\"products.0.patientPaid.boxes\\">
          <div class=\\"nhsuk-checkboxes__item\\"><input class=\\"nhsuk-checkboxes__input\\" name=\\"products.0.patientPaid\\" id=\\"products.0.patientPaid.box\\" type=\\"checkbox\\" value=\\"false\\"><label class=\\"nhsuk-label nhsuk-checkboxes__label\\" id=\\"products.0.patientPaid.box--label\\" for=\\"products.0.patientPaid.box\\">Patient Paid</label></div>
        </div>
      </div>
      <div style=\\"display: flex; flex-direction: row; gap: 0.5em;\\"><button class=\\"nhsuk-button\\" aria-disabled=\\"false\\" type=\\"button\\">Add Endorsement</button></div>
    </fieldset>
  </div>
  <div class=\\"nhsuk-form-group\\">
    <fieldset class=\\"nhsuk-fieldset\\">
      <legend class=\\"nhsuk-fieldset__legend nhsuk-fieldset__legend--m\\">Prescription Charge Exemption</legend>
      <div class=\\"nhsuk-form-group\\"><label class=\\"nhsuk-label\\" id=\\"exemption.code--label\\" for=\\"exemption.code\\">Exemption Status</label><select class=\\"nhsuk-select\\" aria-labelledby=\\"exemption.code--label\\" name=\\"exemption.code\\" id=\\"exemption.code\\">
          <option value=\\"0001\\">Patient has paid appropriate charges</option>
          <option value=\\"0002\\">is under 16 years of age</option>
          <option value=\\"0003\\">is 16, 17 or 18 and in full-time education</option>
          <option value=\\"0004\\">is 60 years of age or over</option>
          <option value=\\"0005\\">has a valid maternity exemption certificate</option>
          <option value=\\"0006\\">has a valid medical exemption certificate</option>
          <option value=\\"0007\\">has a valid prescription pre-payment certificate</option>
          <option value=\\"0008\\">has a War Pension exemption certificate</option>
          <option value=\\"0009\\">is named on a current HC2 charges certificate</option>
          <option value=\\"0010\\">was prescribed free-of-charge contraceptives</option>
          <option value=\\"0011\\">gets income support (IS)</option>
          <option value=\\"0012\\">gets income based Job Seeker's Allowance (JSA (IB))</option>
          <option value=\\"0013\\">is entitled to, or named on a VALID NHS tax credit exemption certificate</option>
          <option value=\\"0014\\">has a partner who gets Pension Credit Guarantee Credit (PGCC)</option>
          <option value=\\"0015\\">Patient does not need to pay the prescription charge</option>
        </select></div>
      <div class=\\"nhsuk-form-group\\">
        <div class=\\"nhsuk-checkboxes\\" id=\\"exemption.evidenceSeen.boxes\\">
          <div class=\\"nhsuk-checkboxes__item\\"><input class=\\"nhsuk-checkboxes__input\\" name=\\"exemption.evidenceSeen\\" id=\\"exemption.evidenceSeen.box\\" type=\\"checkbox\\" value=\\"false\\"><label class=\\"nhsuk-label nhsuk-checkboxes__label\\" id=\\"exemption.evidenceSeen.box--label\\" for=\\"exemption.evidenceSeen.box\\">Evidence Seen</label></div>
        </div>
      </div>
    </fieldset>
  </div>
  <div style=\\"display: flex; flex-direction: row; gap: 0.5em;\\"><button class=\\"nhsuk-button\\" aria-disabled=\\"false\\" type=\\"submit\\">Claim</button><button class=\\"nhsuk-button nhsuk-button--secondary\\" aria-disabled=\\"false\\" type=\\"reset\\">Reset</button></div>
</form>"
`;

exports[`Displays claim result 1`] = `
"<h1 class=\\"nhsuk-label-wrapper\\"><label class=\\"nhsuk-label nhsuk-label--xl\\">Claim Result <svg class=\\"nhsuk-icon nhsuk-icon__tick\\" xmlns=\\"http://www.w3.org/2000/svg\\" viewBox=\\"0 0 24 24\\" aria-hidden=\\"true\\" height=\\"32\\" width=\\"32\\">
      <path stroke-width=\\"4\\" stroke-linecap=\\"round\\" stroke=\\"#007f3b\\" fill=\\"none\\" d=\\"M18.4 7.8l-8.5 8.4L5.6 12\\"></path>
    </svg></label></h1>
<div class=\\"nhsuk-expander-group\\">
  <details class=\\"nhsuk-details nhsuk-expander\\">
    <summary class=\\"nhsuk-details__summary\\"><span class=\\"nhsuk-details__summary-text\\">Request (FHIR)</span></summary>
    <div class=\\"nhsuk-details__text\\">
      <div style=\\"display: flex; flex-direction: row; gap: 0.5em;\\"><button class=\\"nhsuk-button\\" aria-disabled=\\"false\\" type=\\"submit\\" style=\\"margin-bottom: 0px;\\">Copy</button><a class=\\"nhsuk-button\\" role=\\"button\\" aria-disabled=\\"false\\" draggable=\\"false\\" href=\\"data:application/json;charset=utf-8,%22JSON%20Request%22\\" style=\\"margin-bottom: 0px;\\" download=\\"message\\">Download</a></div><pre style=\\"white-space: break-spaces; overflow-wrap: anywhere;\\">\\"JSON Request\\"</pre>
    </div>
  </details>
  <details class=\\"nhsuk-details nhsuk-expander\\">
    <summary class=\\"nhsuk-details__summary\\"><span class=\\"nhsuk-details__summary-text\\">Request (HL7 V3)</span></summary>
    <div class=\\"nhsuk-details__text\\">
      <div style=\\"display: flex; flex-direction: row; gap: 0.5em;\\"><button class=\\"nhsuk-button\\" aria-disabled=\\"false\\" type=\\"submit\\" style=\\"margin-bottom: 0px;\\">Copy</button><a class=\\"nhsuk-button\\" role=\\"button\\" aria-disabled=\\"false\\" draggable=\\"false\\" href=\\"data:text/xml;charset=utf-8,XML%20Request\\" style=\\"margin-bottom: 0px;\\" download=\\"message\\">Download</a></div><pre style=\\"white-space: break-spaces; overflow-wrap: anywhere;\\">XML Request</pre>
    </div>
  </details>
  <details class=\\"nhsuk-details nhsuk-expander\\">
    <summary class=\\"nhsuk-details__summary\\"><span class=\\"nhsuk-details__summary-text\\">Response (FHIR)</span></summary>
    <div class=\\"nhsuk-details__text\\">
      <div style=\\"display: flex; flex-direction: row; gap: 0.5em;\\"><button class=\\"nhsuk-button\\" aria-disabled=\\"false\\" type=\\"submit\\" style=\\"margin-bottom: 0px;\\">Copy</button><a class=\\"nhsuk-button\\" role=\\"button\\" aria-disabled=\\"false\\" draggable=\\"false\\" href=\\"data:application/json;charset=utf-8,%22JSON%20Response%22\\" style=\\"margin-bottom: 0px;\\" download=\\"message\\">Download</a></div><pre style=\\"white-space: break-spaces; overflow-wrap: anywhere;\\">\\"JSON Response\\"</pre>
    </div>
  </details>
  <details class=\\"nhsuk-details nhsuk-expander\\">
    <summary class=\\"nhsuk-details__summary\\"><span class=\\"nhsuk-details__summary-text\\">Response (HL7 V3)</span></summary>
    <div class=\\"nhsuk-details__text\\">
      <div style=\\"display: flex; flex-direction: row; gap: 0.5em;\\"><button class=\\"nhsuk-button\\" aria-disabled=\\"false\\" type=\\"submit\\" style=\\"margin-bottom: 0px;\\">Copy</button><a class=\\"nhsuk-button\\" role=\\"button\\" aria-disabled=\\"false\\" draggable=\\"false\\" href=\\"data:text/xml;charset=utf-8,XML%20Response\\" style=\\"margin-bottom: 0px;\\" download=\\"message\\">Download</a></div><pre style=\\"white-space: break-spaces; overflow-wrap: anywhere;\\">XML Response</pre>
    </div>
  </details>
</div>
<div style=\\"display: flex; flex-direction: row; gap: 0.5em;\\"><a class=\\"nhsuk-button nhsuk-button--secondary\\" role=\\"button\\" aria-disabled=\\"false\\" draggable=\\"false\\" href=\\"baseUrl/\\" type=\\"button\\">Back</a></div>"
`;

exports[`Displays loading text while claim is being submitted 1`] = `"<h1 class=\\"nhsuk-label-wrapper\\"><label class=\\"nhsuk-label nhsuk-label--xl\\">Loading...</label></h1><label class=\\"nhsuk-label\\">Sending claim.</label>"`;

exports[`Displays loading text while prescription data is being requested 1`] = `"<h1 class=\\"nhsuk-label-wrapper\\"><label class=\\"nhsuk-label nhsuk-label--xl\\">Loading...</label></h1><label class=\\"nhsuk-label\\">Retrieving prescription details.</label>"`;
